Component: ARM Compiler 6.16 Tool: armlink [5dfeaa00]

==============================================================================

Section Cross References

    main.o(.text.main) refers to main.o(.bss.taskHandle_1) for taskHandle_1
    main.o(.text.main) refers to main.o(.text.task1) for task1
    main.o(.text.main) refers to tasks.o(.text.xTaskCreate) for xTaskCreate
    main.o(.text.main) refers to tasks.o(.text.vTaskStartScheduler) for vTaskStartScheduler
    main.o(.ARM.exidx.text.main) refers to main.o(.text.main) for [Anonymous Symbol]
    main.o(.text.task1) refers to tasks.o(.text.xTaskGetTickCount) for xTaskGetTickCount
    main.o(.text.task1) refers to tasks.o(.text.vTaskDelayUntil) for vTaskDelayUntil
    main.o(.ARM.exidx.text.task1) refers to main.o(.text.task1) for [Anonymous Symbol]
    main.o(.ARM.exidx.text.error) refers to main.o(.text.error) for [Anonymous Symbol]
    clib_arm.o(.ARM.exidx.text._platform_post_stackheap_init) refers to clib_arm.o(.text._platform_post_stackheap_init) for [Anonymous Symbol]
    clib_arm.o(.text.__user_perthread_libspace) refers to clib_arm.o(.text.os_kernel_is_active) for os_kernel_is_active
    clib_arm.o(.text.__user_perthread_libspace) refers to clib_arm.o(.bss.os_libspace) for os_libspace
    clib_arm.o(.text.__user_perthread_libspace) refers to tasks.o(.text.xTaskGetCurrentTaskHandle) for xTaskGetCurrentTaskHandle
    clib_arm.o(.text.__user_perthread_libspace) refers to clib_arm.o(.bss.os_libspace_id) for os_libspace_id
    clib_arm.o(.ARM.exidx.text.__user_perthread_libspace) refers to clib_arm.o(.text.__user_perthread_libspace) for [Anonymous Symbol]
    clib_arm.o(.text.os_kernel_is_active) refers to clib_arm.o(.bss.os_kernel_is_active.os_kernel_active) for os_kernel_is_active.os_kernel_active
    clib_arm.o(.text.os_kernel_is_active) refers to tasks.o(.text.xTaskGetSchedulerState) for xTaskGetSchedulerState
    clib_arm.o(.ARM.exidx.text.os_kernel_is_active) refers to clib_arm.o(.text.os_kernel_is_active) for [Anonymous Symbol]
    clib_arm.o(.text._mutex_initialize) refers to clib_arm.o(.bss.clib_mutex_cb) for clib_mutex_cb
    clib_arm.o(.text._mutex_initialize) refers to clib_arm.o(.bss.clib_mutex_id) for clib_mutex_id
    clib_arm.o(.text._mutex_initialize) refers to clib_arm.o(.text.os_kernel_is_active) for os_kernel_is_active
    clib_arm.o(.text._mutex_initialize) refers to queue.o(.text.xQueueCreateMutex) for xQueueCreateMutex
    clib_arm.o(.text._mutex_initialize) refers to queue.o(.text.xQueueCreateMutexStatic) for xQueueCreateMutexStatic
    clib_arm.o(.ARM.exidx.text._mutex_initialize) refers to clib_arm.o(.text._mutex_initialize) for [Anonymous Symbol]
    clib_arm.o(.text._mutex_acquire) refers to clib_arm.o(.text.os_kernel_is_active) for os_kernel_is_active
    clib_arm.o(.text._mutex_acquire) refers to queue.o(.text.xQueueSemaphoreTake) for xQueueSemaphoreTake
    clib_arm.o(.ARM.exidx.text._mutex_acquire) refers to clib_arm.o(.text._mutex_acquire) for [Anonymous Symbol]
    clib_arm.o(.text._mutex_release) refers to clib_arm.o(.text.os_kernel_is_active) for os_kernel_is_active
    clib_arm.o(.text._mutex_release) refers to queue.o(.text.xQueueGenericSend) for xQueueGenericSend
    clib_arm.o(.ARM.exidx.text._mutex_release) refers to clib_arm.o(.text._mutex_release) for [Anonymous Symbol]
    clib_arm.o(.text._mutex_free) refers to queue.o(.text.vQueueDelete) for vQueueDelete
    clib_arm.o(.text._mutex_free) refers to clib_arm.o(.bss.clib_mutex_id) for clib_mutex_id
    clib_arm.o(.ARM.exidx.text._mutex_free) refers to clib_arm.o(.text._mutex_free) for [Anonymous Symbol]
    cmsis_os1.o(.text.osThreadCreate) refers to cmsis_os2.o(.text.osThreadNew) for osThreadNew
    cmsis_os1.o(.ARM.exidx.text.osThreadCreate) refers to cmsis_os1.o(.text.osThreadCreate) for [Anonymous Symbol]
    cmsis_os1.o(.text.osSignalSet) refers to cmsis_os2.o(.text.osThreadFlagsSet) for osThreadFlagsSet
    cmsis_os1.o(.ARM.exidx.text.osSignalSet) refers to cmsis_os1.o(.text.osSignalSet) for [Anonymous Symbol]
    cmsis_os1.o(.text.osSignalClear) refers to cmsis_os2.o(.text.osThreadGetId) for osThreadGetId
    cmsis_os1.o(.text.osSignalClear) refers to cmsis_os2.o(.text.osThreadFlagsClear) for osThreadFlagsClear
    cmsis_os1.o(.ARM.exidx.text.osSignalClear) refers to cmsis_os1.o(.text.osSignalClear) for [Anonymous Symbol]
    cmsis_os1.o(.text.osSignalWait) refers to cmsis_os2.o(.text.osThreadFlagsWait) for osThreadFlagsWait
    cmsis_os1.o(.ARM.exidx.text.osSignalWait) refers to cmsis_os1.o(.text.osSignalWait) for [Anonymous Symbol]
    cmsis_os1.o(.text.osTimerCreate) refers to cmsis_os2.o(.text.osTimerNew) for osTimerNew
    cmsis_os1.o(.ARM.exidx.text.osTimerCreate) refers to cmsis_os1.o(.text.osTimerCreate) for [Anonymous Symbol]
    cmsis_os1.o(.text.osMutexCreate) refers to cmsis_os2.o(.text.osMutexNew) for osMutexNew
    cmsis_os1.o(.ARM.exidx.text.osMutexCreate) refers to cmsis_os1.o(.text.osMutexCreate) for [Anonymous Symbol]
[...]
    ../clib/angel/sysapp.c                   0x00000000   Number         0  sys_wrch_hlt.o ABSOLUTE
    ../clib/armsys.c                         0x00000000   Number         0  argv_veneer.o ABSOLUTE
    ../clib/armsys.c                         0x00000000   Number         0  argv_veneer.o ABSOLUTE
    ../clib/armsys.c                         0x00000000   Number         0  _get_argv_nomalloc.o ABSOLUTE
    ../clib/armsys.c                         0x00000000   Number         0  no_argv.o ABSOLUTE
    ../clib/heapalloc.c                      0x00000000   Number         0  hrguard.o ABSOLUTE
    ../clib/heapaux.c                        0x00000000   Number         0  heapauxi.o ABSOLUTE
    ../clib/libinit.s                        0x00000000   Number         0  libinit.o ABSOLUTE
    ../clib/libinit.s                        0x00000000   Number         0  libinit2.o ABSOLUTE
    ../clib/libinit.s                        0x00000000   Number         0  libshutdown.o ABSOLUTE
    ../clib/libinit.s                        0x00000000   Number         0  libshutdown2.o ABSOLUTE
    ../clib/memcpset.s                       0x00000000   Number         0  rt_memcpy_v6.o ABSOLUTE
    ../clib/memcpset.s                       0x00000000   Number         0  aeabi_memset4.o ABSOLUTE
    ../clib/memcpset.s                       0x00000000   Number         0  rt_memcpy_w.o ABSOLUTE
    ../clib/memcpset.s                       0x00000000   Number         0  rt_memclr_w.o ABSOLUTE
    ../clib/signal.c                         0x00000000   Number         0  defsig_rtmem_outer.o ABSOLUTE
    ../clib/signal.c                         0x00000000   Number         0  defsig_rtmem_formal.o ABSOLUTE
    ../clib/signal.c                         0x00000000   Number         0  defsig_exit.o ABSOLUTE
    ../clib/signal.c                         0x00000000   Number         0  defsig_rtmem_inner.o ABSOLUTE
    ../clib/signal.c                         0x00000000   Number         0  __raise.o ABSOLUTE
    ../clib/signal.c                         0x00000000   Number         0  defsig_general.o ABSOLUTE
    ../clib/signal.c                         0x00000000   Number         0  defsig_abrt_inner.o ABSOLUTE
    ../clib/signal.c                         0x00000000   Number         0  defsig_fpe_inner.o ABSOLUTE
    ../clib/signal.c                         0x00000000   Number         0  defsig_rtred_inner.o ABSOLUTE
    ../clib/signal.c                         0x00000000   Number         0  defsig_stak_inner.o ABSOLUTE
    ../clib/signal.c                         0x00000000   Number         0  defsig_pvfn_inner.o ABSOLUTE
    ../clib/signal.c                         0x00000000   Number         0  defsig_cppl_inner.o ABSOLUTE
    ../clib/signal.c                         0x00000000   Number         0  defsig_segv_inner.o ABSOLUTE
    ../clib/signal.c                         0x00000000   Number         0  defsig_other.o ABSOLUTE
    ../clib/signal.s                         0x00000000   Number         0  defsig.o ABSOLUTE
    ../clib/stdlib.c                         0x00000000   Number         0  exit.o ABSOLUTE
    ../fplib/fpinit.s                        0x00000000   Number         0  fpinit.o ABSOLUTE
    RTE/Device/STM32F407VGTx/startup_stm32f407xx.s 0x00000000   Number         0  startup_stm32f407xx.o ABSOLUTE
    clib_arm.c                               0x00000000   Number         0  clib_arm.o ABSOLUTE
    cmsis_os1.c                              0x00000000   Number         0  cmsis_os1.o ABSOLUTE
    cmsis_os2.c                              0x00000000   Number         0  cmsis_os2.o ABSOLUTE
    dc.s                                     0x00000000   Number         0  dc.o ABSOLUTE
    event_groups.c                           0x00000000   Number         0  event_groups.o ABSOLUTE
    freertos_evr.c                           0x00000000   Number         0  freertos_evr.o ABSOLUTE
    heap_4.c                                 0x00000000   Number         0  heap_4.o ABSOLUTE
    list.c                                   0x00000000   Number         0  list.o ABSOLUTE
    main.c                                   0x00000000   Number         0  main.o ABSOLUTE
    os_systick.c                             0x00000000   Number         0  os_systick.o ABSOLUTE
    port.c                                   0x00000000   Number         0  port.o ABSOLUTE
    queue.c                                  0x00000000   Number         0  queue.o ABSOLUTE
    system_stm32f4xx.c                       0x00000000   Number         0  system_stm32f4xx.o ABSOLUTE
    tasks.c                                  0x00000000   Number         0  tasks.o ABSOLUTE
    timers.c                                 0x00000000   Number         0  timers.o ABSOLUTE
    RESET                                    0x08000000   Section      392  startup_stm32f407xx.o(RESET)
    !!!main                                  0x08000188   Section        8  __main.o(!!!main)
    !!!scatter                               0x08000190   Section       52  __scatter.o(!!!scatter)
    !!handler_copy                           0x080001c4   Section       26  __scatter_copy.o(!!handler_copy)
    !!handler_zi                             0x080001e0   Section       28  __scatter_zi.o(!!handler_zi)
    .ARM.Collect$$libinit$$00000000          0x080001fc   Section        2  libinit.o(.ARM.Collect$$libinit$$00000000)
    .ARM.Collect$$libinit$$00000001          0x080001fe   Section        4  libinit2.o(.ARM.Collect$$libinit$$00000001)
    .ARM.Collect$$libinit$$00000004          0x08000202   Section        0  libinit2.o(.ARM.Collect$$libinit$$00000004)
    .ARM.Collect$$libinit$$0000000A          0x08000202   Section        0  libinit2.o(.ARM.Collect$$libinit$$0000000A)
    .ARM.Collect$$libinit$$0000000C          0x08000202   Section        0  libinit2.o(.ARM.Collect$$libinit$$0000000C)
    .ARM.Collect$$libinit$$0000000E          0x08000202   Section        0  libinit2.o(.ARM.Collect$$libinit$$0000000E)
    .ARM.Collect$$libinit$$00000011          0x08000202   Section        0  libinit2.o(.ARM.Collect$$libinit$$00000011)
    .ARM.Collect$$libinit$$00000013          0x08000202   Section        0  libinit2.o(.ARM.Collect$$libinit$$00000013)
    .ARM.Collect$$libinit$$00000015          0x08000202   Section        0  libinit2.o(.ARM.Collect$$libinit$$00000015)
    .ARM.Collect$$libinit$$00000017          0x08000202   Section        0  libinit2.o(.ARM.Collect$$libinit$$00000017)
    .ARM.Collect$$libinit$$00000019          0x08000202   Section        0  libinit2.o(.ARM.Collect$$libinit$$00000019)
    .ARM.Collect$$libinit$$0000001B          0x08000202   Section        0  libinit2.o(.ARM.Collect$$libinit$$0000001B)
    .ARM.Collect$$libinit$$0000001D          0x08000202   Section        0  libinit2.o(.ARM.Collect$$libinit$$0000001D)
    .ARM.Collect$$libinit$$0000001F          0x08000202   Section        0  libinit2.o(.ARM.Collect$$libinit$$0000001F)
    .ARM.Collect$$libinit$$00000021          0x08000202   Section        0  libinit2.o(.ARM.Collect$$libinit$$00000021)
    .ARM.Collect$$libinit$$00000023          0x08000202   Section        0  libinit2.o(.ARM.Collect$$libinit$$00000023)
    .ARM.Collect$$libinit$$00000025          0x08000202   Section        0  libinit2.o(.ARM.Collect$$libinit$$00000025)
    .ARM.Collect$$libinit$$0000002C          0x08000202   Section        0  libinit2.o(.ARM.Collect$$libinit$$0000002C)
    .ARM.Collect$$libinit$$0000002E          0x08000202   Section        0  libinit2.o(.ARM.Collect$$libinit$$0000002E)
    .ARM.Collect$$libinit$$00000030          0x08000202   Section        0  libinit2.o(.ARM.Collect$$libinit$$00000030)
    .ARM.Collect$$libinit$$00000032          0x08000202   Section        0  libinit2.o(.ARM.Collect$$libinit$$00000032)
    .ARM.Collect$$libinit$$00000033          0x08000202   Section        2  libinit2.o(.ARM.Collect$$libinit$$00000033)
    .ARM.Collect$$libshutdown$$00000000      0x08000204   Section        2  libshutdown.o(.ARM.Collect$$libshutdown$$00000000)
    .ARM.Collect$$libshutdown$$00000002      0x08000206   Section        0  libshutdown2.o(.ARM.Collect$$libshutdown$$00000002)
    .ARM.Collect$$libshutdown$$00000004      0x08000206   Section        0  libshutdown2.o(.ARM.Collect$$libshutdown$$00000004)
    .ARM.Collect$$libshutdown$$00000007      0x08000206   Section        0  libshutdown2.o(.ARM.Collect$$libshutdown$$00000007)
    .ARM.Collect$$libshutdown$$0000000A      0x08000206   Section        0  libshutdown2.o(.ARM.Collect$$libshutdown$$0000000A)
    .ARM.Collect$$libshutdown$$0000000C      0x08000206   Section        0  libshutdown2.o(.ARM.Collect$$libshutdown$$0000000C)
    .ARM.Collect$$libshutdown$$0000000F      0x08000206   Section        0  libshutdown2.o(.ARM.Collect$$libshutdown$$0000000F)
    .ARM.Collect$$libshutdown$$00000010      0x08000206   Section        2  libshutdown2.o(.ARM.Collect$$libshutdown$$00000010)
    .ARM.Collect$$rtentry$$00000000          0x08000208   Section        0  __rtentry.o(.ARM.Collect$$rtentry$$00000000)
    .ARM.Collect$$rtentry$$00000002          0x08000208   Section        0  __rtentry2.o(.ARM.Collect$$rtentry$$00000002)
    .ARM.Collect$$rtentry$$00000004          0x08000208   Section        6  __rtentry4.o(.ARM.Collect$$rtentry$$00000004)
    .ARM.Collect$$rtentry$$00000008          0x0800020e   Section        8  __rtentry2.o(.ARM.Collect$$rtentry$$00000008)
    .ARM.Collect$$rtentry$$0000000A          0x08000216   Section        4  __rtentry2.o(.ARM.Collect$$rtentry$$0000000A)
    .ARM.Collect$$rtentry$$0000000C          0x0800021a   Section        0  __rtentry2.o(.ARM.Collect$$rtentry$$0000000C)
    .ARM.Collect$$rtentry$$0000000D          0x0800021a   Section        8  __rtentry2.o(.ARM.Collect$$rtentry$$0000000D)
    .ARM.Collect$$rtexit$$00000000           0x08000222   Section        2  rtexit.o(.ARM.Collect$$rtexit$$00000000)
    .ARM.Collect$$rtexit$$00000002           0x08000224   Section        0  rtexit2.o(.ARM.Collect$$rtexit$$00000002)
    .ARM.Collect$$rtexit$$00000003           0x08000224   Section        4  rtexit2.o(.ARM.Collect$$rtexit$$00000003)
    .ARM.Collect$$rtexit$$00000004           0x08000228   Section        6  rtexit2.o(.ARM.Collect$$rtexit$$00000004)
    $v0                                      0x08000230   Number         0  startup_stm32f407xx.o(.text)
    .text                                    0x08000230   Section       64  startup_stm32f407xx.o(.text)
    .text                                    0x08000270   Section      138  rt_memcpy_v6.o(.text)
    .text                                    0x080002fa   Section       16  aeabi_memset4.o(.text)
    .text                                    0x0800030a   Section        0  heapauxi.o(.text)
    .text                                    0x08000310   Section      100  rt_memcpy_w.o(.text)
    .text                                    0x08000374   Section       78  rt_memclr_w.o(.text)
    .text                                    0x080003c2   Section       74  sys_stackheap_outer.o(.text)
    .text                                    0x0800040c   Section        0  exit.o(.text)
    .text                                    0x08000420   Section        8  libspace.o(.text)
    .text                                    0x08000428   Section        0  sys_exit.o(.text)
    .text                                    0x08000434   Section        2  use_no_semi.o(.text)
    .text                                    0x08000436   Section        0  indicate_semi.o(.text)
    [Anonymous Symbol]                       0x08000440   Section        0  port.o(.text.PendSV_Handler)
    pxCurrentTCBConst                        0x080004a0   Number         0  port.o(.text.PendSV_Handler)
    [Anonymous Symbol]                       0x080004b0   Section        0  port.o(.text.SVC_Handler)
    pxCurrentTCBConst2                       0x080004d0   Number         0  port.o(.text.SVC_Handler)
    [Anonymous Symbol]                       0x080004d4   Section        0  cmsis_os2.o(.text.SysTick_Handler)
    [Anonymous Symbol]                       0x080004f0   Section        0  system_stm32f4xx.o(.text.SystemInit)
    __tagsym$$used.1                         0x0800050c   Number         0  clib_arm.o(.text._mutex_acquire)
    [Anonymous Symbol]                       0x0800050c   Section        0  clib_arm.o(.text._mutex_acquire)
    __tagsym$$used.3                         0x08000528   Number         0  clib_arm.o(.text._mutex_free)
    [Anonymous Symbol]                       0x08000528   Section        0  clib_arm.o(.text._mutex_free)
    __tagsym$$used.0                         0x08000558   Number         0  clib_arm.o(.text._mutex_initialize)
    [Anonymous Symbol]                       0x08000558   Section        0  clib_arm.o(.text._mutex_initialize)
    __tagsym$$used.2                         0x080005ac   Number         0  clib_arm.o(.text._mutex_release)
    [Anonymous Symbol]                       0x080005ac   Section        0  clib_arm.o(.text._mutex_release)
    [Anonymous Symbol]                       0x080005c8   Section        0  clib_arm.o(.text._platform_post_stackheap_init)
    [Anonymous Symbol]                       0x080005cc   Section        0  main.o(.text.main)
    os_kernel_is_active                      0x08000621   Thumb Code    36  clib_arm.o(.text.os_kernel_is_active)
    [Anonymous Symbol]                       0x08000620   Section        0  clib_arm.o(.text.os_kernel_is_active)
    prvAddCurrentTaskToDelayedList           0x08000645   Thumb Code   128  tasks.o(.text.prvAddCurrentTaskToDelayedList)
    [Anonymous Symbol]                       0x08000644   Section        0  tasks.o(.text.prvAddCurrentTaskToDelayedList)
    prvAddNewTaskToReadyList                 0x080006c5   Thumb Code   172  tasks.o(.text.prvAddNewTaskToReadyList)
    [Anonymous Symbol]                       0x080006c4   Section        0  tasks.o(.text.prvAddNewTaskToReadyList)
    prvCheckForValidListAndQueue             0x08000771   Thumb Code   106  timers.o(.text.prvCheckForValidListAndQueue)
    [Anonymous Symbol]                       0x08000770   Section        0  timers.o(.text.prvCheckForValidListAndQueue)
    prvCheckTasksWaitingTermination          0x080007dd   Thumb Code    78  tasks.o(.text.prvCheckTasksWaitingTermination)
    [Anonymous Symbol]                       0x080007dc   Section        0  tasks.o(.text.prvCheckTasksWaitingTermination)
    prvCopyDataFromQueue                     0x0800082d   Thumb Code    38  queue.o(.text.prvCopyDataFromQueue)
    [Anonymous Symbol]                       0x0800082c   Section        0  queue.o(.text.prvCopyDataFromQueue)
    prvCopyDataToQueue                       0x08000855   Thumb Code   122  queue.o(.text.prvCopyDataToQueue)
    [Anonymous Symbol]                       0x08000854   Section        0  queue.o(.text.prvCopyDataToQueue)
    prvDeleteTCB                             0x080008d1   Thumb Code    32  tasks.o(.text.prvDeleteTCB)
    [Anonymous Symbol]                       0x080008d0   Section        0  tasks.o(.text.prvDeleteTCB)
    prvGetDisinheritPriorityAfterTimeout     0x080008f1   Thumb Code    18  queue.o(.text.prvGetDisinheritPriorityAfterTimeout)
    [Anonymous Symbol]                       0x080008f0   Section        0  queue.o(.text.prvGetDisinheritPriorityAfterTimeout)
    prvGetNextExpireTime                     0x08000905   Thumb Code    32  timers.o(.text.prvGetNextExpireTime)
    [Anonymous Symbol]                       0x08000904   Section        0  timers.o(.text.prvGetNextExpireTime)
    prvHeapInit                              0x08000925   Thumb Code   118  heap_4.o(.text.prvHeapInit)
    [Anonymous Symbol]                       0x08000924   Section        0  heap_4.o(.text.prvHeapInit)
    prvIdleTask                              0x0800099d   Thumb Code    42  tasks.o(.text.prvIdleTask)
    [Anonymous Symbol]                       0x0800099c   Section        0  tasks.o(.text.prvIdleTask)
    prvInitialiseMutex                       0x080009c9   Thumb Code    32  queue.o(.text.prvInitialiseMutex)
    [Anonymous Symbol]                       0x080009c8   Section        0  queue.o(.text.prvInitialiseMutex)
    prvInitialiseNewQueue                    0x080009e9   Thumb Code    32  queue.o(.text.prvInitialiseNewQueue)
    [Anonymous Symbol]                       0x080009e8   Section        0  queue.o(.text.prvInitialiseNewQueue)
    prvInitialiseNewTask                     0x08000a09   Thumb Code   152  tasks.o(.text.prvInitialiseNewTask)
    [Anonymous Symbol]                       0x08000a08   Section        0  tasks.o(.text.prvInitialiseNewTask)
    prvInitialiseTaskLists                   0x08000aa1   Thumb Code   112  tasks.o(.text.prvInitialiseTaskLists)
    [Anonymous Symbol]                       0x08000aa0   Section        0  tasks.o(.text.prvInitialiseTaskLists)
    prvInsertBlockIntoFreeList               0x08000b11   Thumb Code    90  heap_4.o(.text.prvInsertBlockIntoFreeList)
    [Anonymous Symbol]                       0x08000b10   Section        0  heap_4.o(.text.prvInsertBlockIntoFreeList)
    prvInsertTimerInActiveList               0x08000b6d   Thumb Code    64  timers.o(.text.prvInsertTimerInActiveList)
    [Anonymous Symbol]                       0x08000b6c   Section        0  timers.o(.text.prvInsertTimerInActiveList)
    prvIsQueueEmpty                          0x08000bad   Thumb Code    24  queue.o(.text.prvIsQueueEmpty)
    [Anonymous Symbol]                       0x08000bac   Section        0  queue.o(.text.prvIsQueueEmpty)
    prvIsQueueFull                           0x08000bc5   Thumb Code    28  queue.o(.text.prvIsQueueFull)
    [Anonymous Symbol]                       0x08000bc4   Section        0  queue.o(.text.prvIsQueueFull)
    prvPortStartFirstTask                    0x08000be1   Thumb Code    34  port.o(.text.prvPortStartFirstTask)
    [Anonymous Symbol]                       0x08000be0   Section        0  port.o(.text.prvPortStartFirstTask)
    prvProcessExpiredTimer                   0x08000c09   Thumb Code    88  timers.o(.text.prvProcessExpiredTimer)
    [Anonymous Symbol]                       0x08000c08   Section        0  timers.o(.text.prvProcessExpiredTimer)
    prvProcessReceivedCommands               0x08000c61   Thumb Code   244  timers.o(.text.prvProcessReceivedCommands)
    [Anonymous Symbol]                       0x08000c60   Section        0  timers.o(.text.prvProcessReceivedCommands)
    prvProcessTimerOrBlockTask               0x08000d55   Thumb Code   128  timers.o(.text.prvProcessTimerOrBlockTask)
    [Anonymous Symbol]                       0x08000d54   Section        0  timers.o(.text.prvProcessTimerOrBlockTask)
    prvResetNextTaskUnblockTime              0x08000dd5   Thumb Code    40  tasks.o(.text.prvResetNextTaskUnblockTime)
    [Anonymous Symbol]                       0x08000dd4   Section        0  tasks.o(.text.prvResetNextTaskUnblockTime)
    prvSampleTimeNow                         0x08000dfd   Thumb Code    42  timers.o(.text.prvSampleTimeNow)
    [Anonymous Symbol]                       0x08000dfc   Section        0  timers.o(.text.prvSampleTimeNow)
    prvSwitchTimerLists                      0x08000e29   Thumb Code   120  timers.o(.text.prvSwitchTimerLists)
    [Anonymous Symbol]                       0x08000e28   Section        0  timers.o(.text.prvSwitchTimerLists)
    prvTaskExitError                         0x08000ea1   Thumb Code    34  port.o(.text.prvTaskExitError)
    [Anonymous Symbol]                       0x08000ea0   Section        0  port.o(.text.prvTaskExitError)
    prvTimerTask                             0x08000ec5   Thumb Code    22  timers.o(.text.prvTimerTask)
    [Anonymous Symbol]                       0x08000ec4   Section        0  timers.o(.text.prvTimerTask)
    prvUnlockQueue                           0x08000edd   Thumb Code   114  queue.o(.text.prvUnlockQueue)
    [Anonymous Symbol]                       0x08000edc   Section        0  queue.o(.text.prvUnlockQueue)
    [Anonymous Symbol]                       0x08000f50   Section        0  heap_4.o(.text.pvPortMalloc)
    [Anonymous Symbol]                       0x0800105c   Section        0  tasks.o(.text.pvTaskIncrementMutexHeldCount)
    [Anonymous Symbol]                       0x08001074   Section        0  port.o(.text.pxPortInitialiseStack)
    [Anonymous Symbol]                       0x0800109c   Section        0  main.o(.text.task1)
    [Anonymous Symbol]                       0x080010c4   Section        0  list.o(.text.uxListRemove)
    [Anonymous Symbol]                       0x080010e8   Section        0  cmsis_os2.o(.text.vApplicationGetIdleTaskMemory)
    [Anonymous Symbol]                       0x08001104   Section        0  cmsis_os2.o(.text.vApplicationGetTimerTaskMemory)
    [Anonymous Symbol]                       0x08001120   Section        0  cmsis_os2.o(.text.vApplicationStackOverflowHook)
    [Anonymous Symbol]                       0x08001124   Section        0  list.o(.text.vListInitialise)
    [Anonymous Symbol]                       0x0800113c   Section        0  list.o(.text.vListInitialiseItem)
    [Anonymous Symbol]                       0x08001144   Section        0  list.o(.text.vListInsert)
    [Anonymous Symbol]                       0x08001180   Section        0  list.o(.text.vListInsertEnd)
    vPortEnableVFP                           0x0800119d   Thumb Code    14  port.o(.text.vPortEnableVFP)
    [Anonymous Symbol]                       0x0800119c   Section        0  port.o(.text.vPortEnableVFP)
    [Anonymous Symbol]                       0x080011b0   Section        0  port.o(.text.vPortEnterCritical)
    [Anonymous Symbol]                       0x080011d0   Section        0  port.o(.text.vPortExitCritical)
    [Anonymous Symbol]                       0x080011ec   Section        0  heap_4.o(.text.vPortFree)
    [Anonymous Symbol]                       0x08001250   Section        0  port.o(.text.vPortSetupTimerInterrupt)
    [Anonymous Symbol]                       0x08001284   Section        0  queue.o(.text.vQueueDelete)
    [Anonymous Symbol]                       0x08001294   Section        0  queue.o(.text.vQueueWaitForMessageRestricted)
    [Anonymous Symbol]                       0x080012d8   Section        0  tasks.o(.text.vTaskDelayUntil)
    [Anonymous Symbol]                       0x08001334   Section        0  tasks.o(.text.vTaskInternalSetTimeOutState)
    [Anonymous Symbol]                       0x08001350   Section        0  tasks.o(.text.vTaskMissedYield)
    [Anonymous Symbol]                       0x08001360   Section        0  tasks.o(.text.vTaskPlaceOnEventList)
    [Anonymous Symbol]                       0x08001380   Section        0  tasks.o(.text.vTaskPlaceOnEventListRestricted)
    [Anonymous Symbol]                       0x080013a8   Section        0  tasks.o(.text.vTaskPriorityDisinheritAfterTimeout)
    [Anonymous Symbol]                       0x08001414   Section        0  tasks.o(.text.vTaskStartScheduler)
    [Anonymous Symbol]                       0x080014a0   Section        0  tasks.o(.text.vTaskSuspendAll)
    [Anonymous Symbol]                       0x080014b0   Section        0  tasks.o(.text.vTaskSwitchContext)
    [Anonymous Symbol]                       0x08001554   Section        0  port.o(.text.xPortStartScheduler)
    [Anonymous Symbol]                       0x080015a0   Section        0  port.o(.text.xPortSysTickHandler)
    [Anonymous Symbol]                       0x080015d0   Section        0  queue.o(.text.xQueueCreateMutex)
    [Anonymous Symbol]                       0x080015e8   Section        0  queue.o(.text.xQueueCreateMutexStatic)
    [Anonymous Symbol]                       0x0800160c   Section        0  queue.o(.text.xQueueGenericCreate)
    [Anonymous Symbol]                       0x08001640   Section        0  queue.o(.text.xQueueGenericCreateStatic)
    [Anonymous Symbol]                       0x0800165c   Section        0  queue.o(.text.xQueueGenericReset)
    [Anonymous Symbol]                       0x080016c8   Section        0  queue.o(.text.xQueueGenericSend)
    [Anonymous Symbol]                       0x08001800   Section        0  queue.o(.text.xQueueGenericSendFromISR)
    [Anonymous Symbol]                       0x08001870   Section        0  queue.o(.text.xQueueReceive)
    [Anonymous Symbol]                       0x0800199c   Section        0  queue.o(.text.xQueueSemaphoreTake)
    [Anonymous Symbol]                       0x08001b00   Section        0  tasks.o(.text.xTaskCheckForTimeOut)
    [Anonymous Symbol]                       0x08001b5c   Section        0  tasks.o(.text.xTaskCreate)
    [Anonymous Symbol]                       0x08001bc4   Section        0  tasks.o(.text.xTaskCreateStatic)
    [Anonymous Symbol]                       0x08001c04   Section        0  tasks.o(.text.xTaskGetSchedulerState)
    [Anonymous Symbol]                       0x08001c2c   Section        0  tasks.o(.text.xTaskGetTickCount)
    [Anonymous Symbol]                       0x08001c38   Section        0  tasks.o(.text.xTaskIncrementTick)
    [Anonymous Symbol]                       0x08001d74   Section        0  tasks.o(.text.xTaskPriorityDisinherit)
    [Anonymous Symbol]                       0x08001dd0   Section        0  tasks.o(.text.xTaskPriorityInherit)
    [Anonymous Symbol]                       0x08001e64   Section        0  tasks.o(.text.xTaskRemoveFromEventList)
    [Anonymous Symbol]                       0x08001ee0   Section        0  tasks.o(.text.xTaskResumeAll)
    [Anonymous Symbol]                       0x08001fdc   Section        0  timers.o(.text.xTimerCreateTimerTask)
    [Anonymous Symbol]                       0x08002044   Section        0  timers.o(.text.xTimerGenericCommand)
    $v0                                      0x0800209a   Number         0  fpinit.o(x$fpl$fpinit)
    x$fpl$fpinit                             0x0800209a   Section       26  fpinit.o(x$fpl$fpinit)
    uxCriticalNesting                        0x20000004   Data           4  port.o(.data.uxCriticalNesting)
    [Anonymous Symbol]                       0x20000004   Section        0  port.o(.data.uxCriticalNesting)
    .bss                                     0x20000008   Section       96  libspace.o(.bss)
    clib_mutex_cb                            0x20000068   Data         400  clib_arm.o(.bss.clib_mutex_cb)
    [Anonymous Symbol]                       0x20000068   Section        0  clib_arm.o(.bss.clib_mutex_cb)
    clib_mutex_id                            0x200001f8   Data          20  clib_arm.o(.bss.clib_mutex_id)
    [Anonymous Symbol]                       0x200001f8   Section        0  clib_arm.o(.bss.clib_mutex_id)
    os_kernel_is_active.os_kernel_active     0x2000020c   Data           1  clib_arm.o(.bss.os_kernel_is_active.os_kernel_active)
    [Anonymous Symbol]                       0x2000020c   Section        0  clib_arm.o(.bss.os_kernel_is_active.os_kernel_active)
    prvCheckForValidListAndQueue.ucStaticTimerQueueStorage 0x2000020d   Data          80  timers.o(.bss.prvCheckForValidListAndQueue.ucStaticTimerQueueStorage)
    [Anonymous Symbol]                       0x2000020d   Section        0  timers.o(.bss.prvCheckForValidListAndQueue.ucStaticTimerQueueStorage)
    prvCheckForValidListAndQueue.xStaticTimerQueue 0x20000260   Data          80  timers.o(.bss.prvCheckForValidListAndQueue.xStaticTimerQueue)
    [Anonymous Symbol]                       0x20000260   Section        0  timers.o(.bss.prvCheckForValidListAndQueue.xStaticTimerQueue)
    prvSampleTimeNow.xLastTime               0x200002b0   Data           4  timers.o(.bss.prvSampleTimeNow.xLastTime)
    [Anonymous Symbol]                       0x200002b0   Section        0  timers.o(.bss.prvSampleTimeNow.xLastTime)
    pxCurrentTimerList                       0x200002b8   Data           4  timers.o(.bss.pxCurrentTimerList)
    [Anonymous Symbol]                       0x200002b8   Section        0  timers.o(.bss.pxCurrentTimerList)
    pxDelayedTaskList                        0x200002bc   Data           4  tasks.o(.bss.pxDelayedTaskList)
    [Anonymous Symbol]                       0x200002bc   Section        0  tasks.o(.bss.pxDelayedTaskList)
    pxEnd                                    0x200002c0   Data           4  heap_4.o(.bss.pxEnd)
    [Anonymous Symbol]                       0x200002c0   Section        0  heap_4.o(.bss.pxEnd)
    pxOverflowDelayedTaskList                0x200002c4   Data           4  tasks.o(.bss.pxOverflowDelayedTaskList)
    [Anonymous Symbol]                       0x200002c4   Section        0  tasks.o(.bss.pxOverflowDelayedTaskList)
    pxOverflowTimerList                      0x200002c8   Data           4  timers.o(.bss.pxOverflowTimerList)
    [Anonymous Symbol]                       0x200002c8   Section        0  timers.o(.bss.pxOverflowTimerList)
    pxReadyTasksLists                        0x200002cc   Data        1120  tasks.o(.bss.pxReadyTasksLists)
    [Anonymous Symbol]                       0x200002cc   Section        0  tasks.o(.bss.pxReadyTasksLists)
    ucHeap                                   0x20000730   Data        8192  heap_4.o(.bss.ucHeap)
    [Anonymous Symbol]                       0x20000730   Section        0  heap_4.o(.bss.ucHeap)
    uxCurrentNumberOfTasks                   0x20002730   Data           4  tasks.o(.bss.uxCurrentNumberOfTasks)
    [Anonymous Symbol]                       0x20002730   Section        0  tasks.o(.bss.uxCurrentNumberOfTasks)
    uxDeletedTasksWaitingCleanUp             0x20002734   Data           4  tasks.o(.bss.uxDeletedTasksWaitingCleanUp)
    [Anonymous Symbol]                       0x20002734   Section        0  tasks.o(.bss.uxDeletedTasksWaitingCleanUp)
    uxSchedulerSuspended                     0x20002738   Data           4  tasks.o(.bss.uxSchedulerSuspended)
    [Anonymous Symbol]                       0x20002738   Section        0  tasks.o(.bss.uxSchedulerSuspended)
    uxTaskNumber                             0x2000273c   Data           4  tasks.o(.bss.uxTaskNumber)
    [Anonymous Symbol]                       0x2000273c   Section        0  tasks.o(.bss.uxTaskNumber)
    uxTopReadyPriority                       0x20002740   Data           4  tasks.o(.bss.uxTopReadyPriority)
    [Anonymous Symbol]                       0x20002740   Section        0  tasks.o(.bss.uxTopReadyPriority)
    vApplicationGetIdleTaskMemory.Idle_Stack 0x20002744   Data         512  cmsis_os2.o(.bss.vApplicationGetIdleTaskMemory.Idle_Stack)
    [Anonymous Symbol]                       0x20002744   Section        0  cmsis_os2.o(.bss.vApplicationGetIdleTaskMemory.Idle_Stack)
    vApplicationGetIdleTaskMemory.Idle_TCB   0x20002944   Data          92  cmsis_os2.o(.bss.vApplicationGetIdleTaskMemory.Idle_TCB)
    [Anonymous Symbol]                       0x20002944   Section        0  cmsis_os2.o(.bss.vApplicationGetIdleTaskMemory.Idle_TCB)
    vApplicationGetTimerTaskMemory.Timer_Stack 0x200029a0   Data         320  cmsis_os2.o(.bss.vApplicationGetTimerTaskMemory.Timer_Stack)
    [Anonymous Symbol]                       0x200029a0   Section        0  cmsis_os2.o(.bss.vApplicationGetTimerTaskMemory.Timer_Stack)
    vApplicationGetTimerTaskMemory.Timer_TCB 0x20002ae0   Data          92  cmsis_os2.o(.bss.vApplicationGetTimerTaskMemory.Timer_TCB)
    [Anonymous Symbol]                       0x20002ae0   Section        0  cmsis_os2.o(.bss.vApplicationGetTimerTaskMemory.Timer_TCB)
    xActiveTimerList1                        0x20002b3c   Data          20  timers.o(.bss.xActiveTimerList1)
    [Anonymous Symbol]                       0x20002b3c   Section        0  timers.o(.bss.xActiveTimerList1)
    xActiveTimerList2                        0x20002b50   Data          20  timers.o(.bss.xActiveTimerList2)
    [Anonymous Symbol]                       0x20002b50   Section        0  timers.o(.bss.xActiveTimerList2)
    xBlockAllocatedBit                       0x20002b64   Data           1  heap_4.o(.bss.xBlockAllocatedBit)
    [Anonymous Symbol]                       0x20002b64   Section        0  heap_4.o(.bss.xBlockAllocatedBit)
    xDelayedTaskList1                        0x20002b68   Data          20  tasks.o(.bss.xDelayedTaskList1)
    [Anonymous Symbol]                       0x20002b68   Section        0  tasks.o(.bss.xDelayedTaskList1)
    xDelayedTaskList2                        0x20002b7c   Data          20  tasks.o(.bss.xDelayedTaskList2)
    [Anonymous Symbol]                       0x20002b7c   Section        0  tasks.o(.bss.xDelayedTaskList2)
    xFreeBytesRemaining                      0x20002b90   Data           4  heap_4.o(.bss.xFreeBytesRemaining)
    [Anonymous Symbol]                       0x20002b90   Section        0  heap_4.o(.bss.xFreeBytesRemaining)
    xIdleTaskHandle                          0x20002b94   Data           4  tasks.o(.bss.xIdleTaskHandle)
    [Anonymous Symbol]                       0x20002b94   Section        0  tasks.o(.bss.xIdleTaskHandle)
    xMinimumEverFreeBytesRemaining           0x20002b98   Data           4  heap_4.o(.bss.xMinimumEverFreeBytesRemaining)
    [Anonymous Symbol]                       0x20002b98   Section        0  heap_4.o(.bss.xMinimumEverFreeBytesRemaining)
    xNextTaskUnblockTime                     0x20002b9c   Data           4  tasks.o(.bss.xNextTaskUnblockTime)
    [Anonymous Symbol]                       0x20002b9c   Section        0  tasks.o(.bss.xNextTaskUnblockTime)
    xNumOfOverflows                          0x20002ba0   Data           4  tasks.o(.bss.xNumOfOverflows)
    [Anonymous Symbol]                       0x20002ba0   Section        0  tasks.o(.bss.xNumOfOverflows)
    xNumberOfSuccessfulAllocations           0x20002ba4   Data           4  heap_4.o(.bss.xNumberOfSuccessfulAllocations)
    [Anonymous Symbol]                       0x20002ba4   Section        0  heap_4.o(.bss.xNumberOfSuccessfulAllocations)
    xNumberOfSuccessfulFrees                 0x20002ba8   Data           4  heap_4.o(.bss.xNumberOfSuccessfulFrees)
    [Anonymous Symbol]                       0x20002ba8   Section        0  heap_4.o(.bss.xNumberOfSuccessfulFrees)
    xPendedTicks                             0x20002bac   Data           4  tasks.o(.bss.xPendedTicks)
    [Anonymous Symbol]                       0x20002bac   Section        0  tasks.o(.bss.xPendedTicks)
    xPendingReadyList                        0x20002bb0   Data          20  tasks.o(.bss.xPendingReadyList)
    [Anonymous Symbol]                       0x20002bb0   Section        0  tasks.o(.bss.xPendingReadyList)
    xSchedulerRunning                        0x20002bc4   Data           4  tasks.o(.bss.xSchedulerRunning)
    [Anonymous Symbol]                       0x20002bc4   Section        0  tasks.o(.bss.xSchedulerRunning)
    xStart                                   0x20002bc8   Data           8  heap_4.o(.bss.xStart)
    [Anonymous Symbol]                       0x20002bc8   Section        0  heap_4.o(.bss.xStart)
    xSuspendedTaskList                       0x20002bd0   Data          20  tasks.o(.bss.xSuspendedTaskList)
    [Anonymous Symbol]                       0x20002bd0   Section        0  tasks.o(.bss.xSuspendedTaskList)
    xTasksWaitingTermination                 0x20002be4   Data          20  tasks.o(.bss.xTasksWaitingTermination)
    [Anonymous Symbol]                       0x20002be4   Section        0  tasks.o(.bss.xTasksWaitingTermination)
    xTickCount                               0x20002bf8   Data           4  tasks.o(.bss.xTickCount)
    [Anonymous Symbol]                       0x20002bf8   Section        0  tasks.o(.bss.xTickCount)
    xTimerQueue                              0x20002bfc   Data           4  timers.o(.bss.xTimerQueue)
    [Anonymous Symbol]                       0x20002bfc   Section        0  timers.o(.bss.xTimerQueue)
    xTimerTaskHandle                         0x20002c00   Data           4  timers.o(.bss.xTimerTaskHandle)
    [Anonymous Symbol]                       0x20002c00   Section        0  timers.o(.bss.xTimerTaskHandle)
    xYieldPending                            0x20002c04   Data           4  tasks.o(.bss.xYieldPending)
    [Anonymous Symbol]                       0x20002c04   Section        0  tasks.o(.bss.xYieldPending)
    Heap_Mem                                 0x20002c08   Data         512  startup_stm32f407xx.o(HEAP)
    HEAP                                     0x20002c08   Section      512  startup_stm32f407xx.o(HEAP)
    Stack_Mem                                0x20002e08   Data        1024  startup_stm32f407xx.o(STACK)
    STACK                                    0x20002e08   Section     1024  startup_stm32f407xx.o(STACK)
    __initial_sp                             0x20003208   Data           0  startup_stm32f407xx.o(STACK)

    Global Symbols

    Symbol Name                              Value     Ov Type        Size  Object(Section)

    BuildAttributes$$THM_ISAv4$E$P$D$K$B$S$7EM$VFPi3$EXTD16$VFPS$VFMA$PE$A:L22UL41UL21$X:L11$S22US41US21$IEEE1$IW$~IW$USESV6$~STKCKD$USESV7$~SHL$OTIME$ROPI$EBA8$UX$STANDARDLIB$REQ8$PRES8$EABIv2 0x00000000   Number         0  anon$$obj.o ABSOLUTE
    __ARM_exceptions_init                     - Undefined Weak Reference
    __alloca_initialize                       - Undefined Weak Reference
    __arm_preinit_                            - Undefined Weak Reference
    __cpp_initialize__aeabi_                  - Undefined Weak Reference
    __cxa_finalize                            - Undefined Weak Reference
    __rt_locale                               - Undefined Weak Reference
    __sigvec_lookup                           - Undefined Weak Reference
    _atexit_init                              - Undefined Weak Reference
    _call_atexit_fns                          - Undefined Weak Reference
    _clock_init                               - Undefined Weak Reference
    _fp_trap_init                             - Undefined Weak Reference
    _fp_trap_shutdown                         - Undefined Weak Reference
    _get_lc_collate                           - Undefined Weak Reference
    _get_lc_ctype                             - Undefined Weak Reference
    _get_lc_monetary                          - Undefined Weak Reference
    _get_lc_numeric                           - Undefined Weak Reference
    _get_lc_time                              - Undefined Weak Reference
    _getenv_init                              - Undefined Weak Reference
    _handle_redirection                       - Undefined Weak Reference
    _init_alloc                               - Undefined Weak Reference
    _init_user_alloc                          - Undefined Weak Reference
    _initio                                   - Undefined Weak Reference
    _rand_init                                - Undefined Weak Reference
    _signal_finish                            - Undefined Weak Reference
    _signal_init                              - Undefined Weak Reference
    _terminate_alloc                          - Undefined Weak Reference
    _terminate_user_alloc                     - Undefined Weak Reference
    _terminateio                              - Undefined Weak Reference
    __Vectors_Size                           0x00000188   Number         0  startup_stm32f407xx.o ABSOLUTE
    __Vectors                                0x08000000   Data           4  startup_stm32f407xx.o(RESET)
    __Vectors_End                            0x08000188   Data           0  startup_stm32f407xx.o(RESET)
    __main                                   0x08000189   Thumb Code     8  __main.o(!!!main)
    __scatterload                            0x08000191   Thumb Code     0  __scatter.o(!!!scatter)
    __scatterload_rt2                        0x08000191   Thumb Code    44  __scatter.o(!!!scatter)
    __scatterload_rt2_thumb_only             0x08000191   Thumb Code     0  __scatter.o(!!!scatter)
    __scatterload_null                       0x0800019f   Thumb Code     0  __scatter.o(!!!scatter)
    __scatterload_copy                       0x080001c5   Thumb Code    26  __scatter_copy.o(!!handler_copy)
    __scatterload_zeroinit                   0x080001e1   Thumb Code    28  __scatter_zi.o(!!handler_zi)
    __rt_lib_init                            0x080001fd   Thumb Code     0  libinit.o(.ARM.Collect$$libinit$$00000000)
    __rt_lib_init_fp_1                       0x080001ff   Thumb Code     0  libinit2.o(.ARM.Collect$$libinit$$00000001)
    __rt_lib_init_alloca_1                   0x08000203   Thumb Code     0  libinit2.o(.ARM.Collect$$libinit$$0000002E)
    __rt_lib_init_argv_1                     0x08000203   Thumb Code     0  libinit2.o(.ARM.Collect$$libinit$$0000002C)
    __rt_lib_init_atexit_1                   0x08000203   Thumb Code     0  libinit2.o(.ARM.Collect$$libinit$$0000001B)
    __rt_lib_init_clock_1                    0x08000203   Thumb Code     0  libinit2.o(.ARM.Collect$$libinit$$00000021)
    __rt_lib_init_cpp_1                      0x08000203   Thumb Code     0  libinit2.o(.ARM.Collect$$libinit$$00000032)
    __rt_lib_init_exceptions_1               0x08000203   Thumb Code     0  libinit2.o(.ARM.Collect$$libinit$$00000030)
    __rt_lib_init_fp_trap_1                  0x08000203   Thumb Code     0  libinit2.o(.ARM.Collect$$libinit$$0000001F)
    __rt_lib_init_getenv_1                   0x08000203   Thumb Code     0  libinit2.o(.ARM.Collect$$libinit$$00000023)
    __rt_lib_init_heap_1                     0x08000203   Thumb Code     0  libinit2.o(.ARM.Collect$$libinit$$0000000A)
    __rt_lib_init_lc_collate_1               0x08000203   Thumb Code     0  libinit2.o(.ARM.Collect$$libinit$$00000011)
    __rt_lib_init_lc_ctype_1                 0x08000203   Thumb Code     0  libinit2.o(.ARM.Collect$$libinit$$00000013)
    __rt_lib_init_lc_monetary_1              0x08000203   Thumb Code     0  libinit2.o(.ARM.Collect$$libinit$$00000015)
    __rt_lib_init_lc_numeric_1               0x08000203   Thumb Code     0  libinit2.o(.ARM.Collect$$libinit$$00000017)
    __rt_lib_init_lc_time_1                  0x08000203   Thumb Code     0  libinit2.o(.ARM.Collect$$libinit$$00000019)
    __rt_lib_init_preinit_1                  0x08000203   Thumb Code     0  libinit2.o(.ARM.Collect$$libinit$$00000004)
    __rt_lib_init_rand_1                     0x08000203   Thumb Code     0  libinit2.o(.ARM.Collect$$libinit$$0000000E)
    __rt_lib_init_return                     0x08000203   Thumb Code     0  libinit2.o(.ARM.Collect$$libinit$$00000033)
    __rt_lib_init_signal_1                   0x08000203   Thumb Code     0  libinit2.o(.ARM.Collect$$libinit$$0000001D)
    __rt_lib_init_stdio_1                    0x08000203   Thumb Code     0  libinit2.o(.ARM.Collect$$libinit$$00000025)
    __rt_lib_init_user_alloc_1               0x08000203   Thumb Code     0  libinit2.o(.ARM.Collect$$libinit$$0000000C)
    __rt_lib_shutdown                        0x08000205   Thumb Code     0  libshutdown.o(.ARM.Collect$$libshutdown$$00000000)
    __rt_lib_shutdown_cpp_1                  0x08000207   Thumb Code     0  libshutdown2.o(.ARM.Collect$$libshutdown$$00000002)
    __rt_lib_shutdown_fp_trap_1              0x08000207   Thumb Code     0  libshutdown2.o(.ARM.Collect$$libshutdown$$00000007)
    __rt_lib_shutdown_heap_1                 0x08000207   Thumb Code     0  libshutdown2.o(.ARM.Collect$$libshutdown$$0000000F)
    __rt_lib_shutdown_return                 0x08000207   Thumb Code     0  libshutdown2.o(.ARM.Collect$$libshutdown$$00000010)
    __rt_lib_shutdown_signal_1               0x08000207   Thumb Code     0  libshutdown2.o(.ARM.Collect$$libshutdown$$0000000A)
    __rt_lib_shutdown_stdio_1                0x08000207   Thumb Code     0  libshutdown2.o(.ARM.Collect$$libshutdown$$00000004)
    __rt_lib_shutdown_user_alloc_1           0x08000207   Thumb Code     0  libshutdown2.o(.ARM.Collect$$libshutdown$$0000000C)
    __rt_entry                               0x08000209   Thumb Code     0  __rtentry.o(.ARM.Collect$$rtentry$$00000000)
    __rt_entry_presh_1                       0x08000209   Thumb Code     0  __rtentry2.o(.ARM.Collect$$rtentry$$00000002)
    __rt_entry_sh                            0x08000209   Thumb Code     0  __rtentry4.o(.ARM.Collect$$rtentry$$00000004)
    __rt_entry_postsh_1                      0x0800020f   Thumb Code     0  __rtentry2.o(.ARM.Collect$$rtentry$$00000008)
    __rt_entry_li                            0x08000217   Thumb Code     0  __rtentry2.o(.ARM.Collect$$rtentry$$0000000A)
    __rt_entry_main                          0x0800021b   Thumb Code     0  __rtentry2.o(.ARM.Collect$$rtentry$$0000000D)
    __rt_entry_postli_1                      0x0800021b   Thumb Code     0  __rtentry2.o(.ARM.Collect$$rtentry$$0000000C)
    __rt_exit                                0x08000223   Thumb Code     0  rtexit.o(.ARM.Collect$$rtexit$$00000000)
    __rt_exit_ls                             0x08000225   Thumb Code     0  rtexit2.o(.ARM.Collect$$rtexit$$00000003)
    __rt_exit_prels_1                        0x08000225   Thumb Code     0  rtexit2.o(.ARM.Collect$$rtexit$$00000002)
    __rt_exit_exit                           0x08000229   Thumb Code     0  rtexit2.o(.ARM.Collect$$rtexit$$00000004)
    Reset_Handler                            0x08000231   Thumb Code     8  startup_stm32f407xx.o(.text)
    NMI_Handler                              0x08000239   Thumb Code     2  startup_stm32f407xx.o(.text)
    HardFault_Handler                        0x0800023b   Thumb Code     2  startup_stm32f407xx.o(.text)
    MemManage_Handler                        0x0800023d   Thumb Code     2  startup_stm32f407xx.o(.text)
    BusFault_Handler                         0x0800023f   Thumb Code     2  startup_stm32f407xx.o(.text)
    UsageFault_Handler                       0x08000241   Thumb Code     2  startup_stm32f407xx.o(.text)
    DebugMon_Handler                         0x08000245   Thumb Code     2  startup_stm32f407xx.o(.text)
    ADC_IRQHandler                           0x0800024b   Thumb Code     0  startup_stm32f407xx.o(.text)
    CAN1_RX0_IRQHandler                      0x0800024b   Thumb Code     0  startup_stm32f407xx.o(.text)
    CAN1_RX1_IRQHandler                      0x0800024b   Thumb Code     0  startup_stm32f407xx.o(.text)
    CAN1_SCE_IRQHandler                      0x0800024b   Thumb Code     0  startup_stm32f407xx.o(.text)
    CAN1_TX_IRQHandler                       0x0800024b   Thumb Code     0  startup_stm32f407xx.o(.text)
    CAN2_RX0_IRQHandler                      0x0800024b   Thumb Code     0  startup_stm32f407xx.o(.text)
    CAN2_RX1_IRQHandler                      0x0800024b   Thumb Code     0  startup_stm32f407xx.o(.text)
    CAN2_SCE_IRQHandler                      0x0800024b   Thumb Code     0  startup_stm32f407xx.o(.text)
    CAN2_TX_IRQHandler                       0x0800024b   Thumb Code     0  startup_stm32f407xx.o(.text)
    DCMI_IRQHandler                          0x0800024b   Thumb Code     0  startup_stm32f407xx.o(.text)
    DMA1_Stream0_IRQHandler                  0x0800024b   Thumb Code     0  startup_stm32f407xx.o(.text)
    DMA1_Stream1_IRQHandler                  0x0800024b   Thumb Code     0  startup_stm32f407xx.o(.text)
    DMA1_Stream2_IRQHandler                  0x0800024b   Thumb Code     0  startup_stm32f407xx.o(.text)
    DMA1_Stream3_IRQHandler                  0x0800024b   Thumb Code     0  startup_stm32f407xx.o(.text)
    DMA1_Stream4_IRQHandler                  0x0800024b   Thumb Code     0  startup_stm32f407xx.o(.text)
    DMA1_Stream5_IRQHandler                  0x0800024b   Thumb Code     0  startup_stm32f407xx.o(.text)
    DMA1_Stream6_IRQHandler                  0x0800024b   Thumb Code     0  startup_stm32f407xx.o(.text)
    DMA1_Stream7_IRQHandler                  0x0800024b   Thumb Code     0  startup_stm32f407xx.o(.text)
    DMA2_Stream0_IRQHandler                  0x0800024b   Thumb Code     0  startup_stm32f407xx.o(.text)
    DMA2_Stream1_IRQHandler                  0x0800024b   Thumb Code     0  startup_stm32f407xx.o(.text)
    DMA2_Stream2_IRQHandler                  0x0800024b   Thumb Code     0  startup_stm32f407xx.o(.text)
    DMA2_Stream3_IRQHandler                  0x0800024b   Thumb Code     0  startup_stm32f407xx.o(.text)
    DMA2_Stream4_IRQHandler                  0x0800024b   Thumb Code     0  startup_stm32f407xx.o(.text)
    DMA2_Stream5_IRQHandler                  0x0800024b   Thumb Code     0  startup_stm32f407xx.o(.text)
    DMA2_Stream6_IRQHandler                  0x0800024b   Thumb Code     0  startup_stm32f407xx.o(.text)
    DMA2_Stream7_IRQHandler                  0x0800024b   Thumb Code     0  startup_stm32f407xx.o(.text)
    ETH_IRQHandler                           0x0800024b   Thumb Code     0  startup_stm32f407xx.o(.text)
    ETH_WKUP_IRQHandler                      0x0800024b   Thumb Code     0  startup_stm32f407xx.o(.text)
    EXTI0_IRQHandler                         0x0800024b   Thumb Code     0  startup_stm32f407xx.o(.text)
    EXTI15_10_IRQHandler                     0x0800024b   Thumb Code     0  startup_stm32f407xx.o(.text)
    EXTI1_IRQHandler                         0x0800024b   Thumb Code     0  startup_stm32f407xx.o(.text)
    EXTI2_IRQHandler                         0x0800024b   Thumb Code     0  startup_stm32f407xx.o(.text)
    EXTI3_IRQHandler                         0x0800024b   Thumb Code     0  startup_stm32f407xx.o(.text)
    EXTI4_IRQHandler                         0x0800024b   Thumb Code     0  startup_stm32f407xx.o(.text)
    EXTI9_5_IRQHandler                       0x0800024b   Thumb Code     0  startup_stm32f407xx.o(.text)
    FLASH_IRQHandler                         0x0800024b   Thumb Code     0  startup_stm32f407xx.o(.text)
    FMC_IRQHandler                           0x0800024b   Thumb Code     0  startup_stm32f407xx.o(.text)
    FPU_IRQHandler                           0x0800024b   Thumb Code     0  startup_stm32f407xx.o(.text)
    HASH_RNG_IRQHandler                      0x0800024b   Thumb Code     0  startup_stm32f407xx.o(.text)
    I2C1_ER_IRQHandler                       0x0800024b   Thumb Code     0  startup_stm32f407xx.o(.text)
    I2C1_EV_IRQHandler                       0x0800024b   Thumb Code     0  startup_stm32f407xx.o(.text)
    I2C2_ER_IRQHandler                       0x0800024b   Thumb Code     0  startup_stm32f407xx.o(.text)
    I2C2_EV_IRQHandler                       0x0800024b   Thumb Code     0  startup_stm32f407xx.o(.text)
    I2C3_ER_IRQHandler                       0x0800024b   Thumb Code     0  startup_stm32f407xx.o(.text)
    I2C3_EV_IRQHandler                       0x0800024b   Thumb Code     0  startup_stm32f407xx.o(.text)
    OTG_FS_IRQHandler                        0x0800024b   Thumb Code     0  startup_stm32f407xx.o(.text)
    OTG_FS_WKUP_IRQHandler                   0x0800024b   Thumb Code     0  startup_stm32f407xx.o(.text)
    OTG_HS_EP1_IN_IRQHandler                 0x0800024b   Thumb Code     0  startup_stm32f407xx.o(.text)
    OTG_HS_EP1_OUT_IRQHandler                0x0800024b   Thumb Code     0  startup_stm32f407xx.o(.text)
    OTG_HS_IRQHandler                        0x0800024b   Thumb Code     0  startup_stm32f407xx.o(.text)
    OTG_HS_WKUP_IRQHandler                   0x0800024b   Thumb Code     0  startup_stm32f407xx.o(.text)
    PVD_IRQHandler                           0x0800024b   Thumb Code     0  startup_stm32f407xx.o(.text)
    RCC_IRQHandler                           0x0800024b   Thumb Code     0  startup_stm32f407xx.o(.text)
    RTC_Alarm_IRQHandler                     0x0800024b   Thumb Code     0  startup_stm32f407xx.o(.text)
    RTC_WKUP_IRQHandler                      0x0800024b   Thumb Code     0  startup_stm32f407xx.o(.text)
    SDIO_IRQHandler                          0x0800024b   Thumb Code     0  startup_stm32f407xx.o(.text)
    SPI1_IRQHandler                          0x0800024b   Thumb Code     0  startup_stm32f407xx.o(.text)
    SPI2_IRQHandler                          0x0800024b   Thumb Code     0  startup_stm32f407xx.o(.text)
    SPI3_IRQHandler                          0x0800024b   Thumb Code     0  startup_stm32f407xx.o(.text)
    TAMP_STAMP_IRQHandler                    0x0800024b   Thumb Code     0  startup_stm32f407xx.o(.text)
    TIM1_BRK_TIM9_IRQHandler                 0x0800024b   Thumb Code     0  startup_stm32f407xx.o(.text)
    TIM1_CC_IRQHandler                       0x0800024b   Thumb Code     0  startup_stm32f407xx.o(.text)
    TIM1_TRG_COM_TIM11_IRQHandler            0x0800024b   Thumb Code     0  startup_stm32f407xx.o(.text)
    TIM1_UP_TIM10_IRQHandler                 0x0800024b   Thumb Code     0  startup_stm32f407xx.o(.text)
    TIM2_IRQHandler                          0x0800024b   Thumb Code     0  startup_stm32f407xx.o(.text)
    TIM3_IRQHandler                          0x0800024b   Thumb Code     0  startup_stm32f407xx.o(.text)
    TIM4_IRQHandler                          0x0800024b   Thumb Code     0  startup_stm32f407xx.o(.text)
    TIM5_IRQHandler                          0x0800024b   Thumb Code     0  startup_stm32f407xx.o(.text)
    TIM6_DAC_IRQHandler                      0x0800024b   Thumb Code     0  startup_stm32f407xx.o(.text)
    TIM7_IRQHandler                          0x0800024b   Thumb Code     0  startup_stm32f407xx.o(.text)
    TIM8_BRK_TIM12_IRQHandler                0x0800024b   Thumb Code     0  startup_stm32f407xx.o(.text)
    TIM8_CC_IRQHandler                       0x0800024b   Thumb Code     0  startup_stm32f407xx.o(.text)
    TIM8_TRG_COM_TIM14_IRQHandler            0x0800024b   Thumb Code     0  startup_stm32f407xx.o(.text)
    TIM8_UP_TIM13_IRQHandler                 0x0800024b   Thumb Code     0  startup_stm32f407xx.o(.text)
    UART4_IRQHandler                         0x0800024b   Thumb Code     0  startup_stm32f407xx.o(.text)
    UART5_IRQHandler                         0x0800024b   Thumb Code     0  startup_stm32f407xx.o(.text)
    USART1_IRQHandler                        0x0800024b   Thumb Code     0  startup_stm32f407xx.o(.text)
    USART2_IRQHandler                        0x0800024b   Thumb Code     0  startup_stm32f407xx.o(.text)
    USART3_IRQHandler                        0x0800024b   Thumb Code     0  startup_stm32f407xx.o(.text)
    USART6_IRQHandler                        0x0800024b   Thumb Code     0  startup_stm32f407xx.o(.text)
    WWDG_IRQHandler                          0x0800024b   Thumb Code     0  startup_stm32f407xx.o(.text)
    __user_initial_stackheap                 0x0800024d   Thumb Code     0  startup_stm32f407xx.o(.text)
    __aeabi_memcpy                           0x08000271   Thumb Code     0  rt_memcpy_v6.o(.text)
    __rt_memcpy                              0x08000271   Thumb Code   138  rt_memcpy_v6.o(.text)
    _memcpy_lastbytes                        0x080002d7   Thumb Code     0  rt_memcpy_v6.o(.text)
    __aeabi_memset4                          0x080002fb   Thumb Code    16  aeabi_memset4.o(.text)
    __aeabi_memset8                          0x080002fb   Thumb Code     0  aeabi_memset4.o(.text)
    __use_two_region_memory                  0x0800030b   Thumb Code     2  heapauxi.o(.text)
    __rt_heap_escrow$2region                 0x0800030d   Thumb Code     2  heapauxi.o(.text)
    __rt_heap_expand$2region                 0x0800030f   Thumb Code     2  heapauxi.o(.text)
    __aeabi_memcpy4                          0x08000311   Thumb Code     0  rt_memcpy_w.o(.text)
    __aeabi_memcpy8                          0x08000311   Thumb Code     0  rt_memcpy_w.o(.text)
    __rt_memcpy_w                            0x08000311   Thumb Code   100  rt_memcpy_w.o(.text)
    _memcpy_lastbytes_aligned                0x08000359   Thumb Code     0  rt_memcpy_w.o(.text)
    __aeabi_memclr4                          0x08000375   Thumb Code     0  rt_memclr_w.o(.text)
    __aeabi_memclr8                          0x08000375   Thumb Code     0  rt_memclr_w.o(.text)
    __rt_memclr_w                            0x08000375   Thumb Code     0  rt_memclr_w.o(.text)
    _memset_w                                0x08000379   Thumb Code    74  rt_memclr_w.o(.text)
    __user_setup_stackheap                   0x080003c3   Thumb Code    74  sys_stackheap_outer.o(.text)
    exit                                     0x0800040d   Thumb Code    18  exit.o(.text)
    __user_libspace                          0x08000421   Thumb Code     8  libspace.o(.text)
    __user_perproc_libspace                  0x08000421   Thumb Code     0  libspace.o(.text)
    _sys_exit                                0x08000429   Thumb Code     8  sys_exit.o(.text)
    __I$use$semihosting                      0x08000435   Thumb Code     0  use_no_semi.o(.text)
    __use_no_semihosting_swi                 0x08000435   Thumb Code     2  use_no_semi.o(.text)
    __semihosting_library_function           0x08000437   Thumb Code     0  indicate_semi.o(.text)
    PendSV_Handler                           0x08000441   Thumb Code   100  port.o(.text.PendSV_Handler)
    SVC_Handler                              0x080004b1   Thumb Code    36  port.o(.text.SVC_Handler)
    SysTick_Handler                          0x080004d5   Thumb Code    26  cmsis_os2.o(.text.SysTick_Handler)
    SystemInit                               0x080004f1   Thumb Code    26  system_stm32f4xx.o(.text.SystemInit)
    _mutex_acquire                           0x0800050d   Thumb Code    26  clib_arm.o(.text._mutex_acquire)
    _mutex_free                              0x08000529   Thumb Code    48  clib_arm.o(.text._mutex_free)
    _mutex_initialize                        0x08000559   Thumb Code    82  clib_arm.o(.text._mutex_initialize)
    _mutex_release                           0x080005ad   Thumb Code    28  clib_arm.o(.text._mutex_release)
    _platform_post_stackheap_init            0x080005c9   Thumb Code     2  clib_arm.o(.text._platform_post_stackheap_init)
    main                                     0x080005cd   Thumb Code    76  main.o(.text.main)
    pvPortMalloc                             0x08000f51   Thumb Code   268  heap_4.o(.text.pvPortMalloc)
    pvTaskIncrementMutexHeldCount            0x0800105d   Thumb Code    24  tasks.o(.text.pvTaskIncrementMutexHeldCount)
    pxPortInitialiseStack                    0x08001075   Thumb Code    40  port.o(.text.pxPortInitialiseStack)
    task1                                    0x0800109d   Thumb Code    40  main.o(.text.task1)
    uxListRemove                             0x080010c5   Thumb Code    36  list.o(.text.uxListRemove)
    vApplicationGetIdleTaskMemory            0x080010e9   Thumb Code    26  cmsis_os2.o(.text.vApplicationGetIdleTaskMemory)
    vApplicationGetTimerTaskMemory           0x08001105   Thumb Code    26  cmsis_os2.o(.text.vApplicationGetTimerTaskMemory)
    vApplicationStackOverflowHook            0x08001121   Thumb Code     2  cmsis_os2.o(.text.vApplicationStackOverflowHook)
    vListInitialise                          0x08001125   Thumb Code    22  list.o(.text.vListInitialise)
    vListInitialiseItem                      0x0800113d   Thumb Code     6  list.o(.text.vListInitialiseItem)
    vListInsert                              0x08001145   Thumb Code    58  list.o(.text.vListInsert)
    vListInsertEnd                           0x08001181   Thumb Code    28  list.o(.text.vListInsertEnd)
    vPortEnterCritical                       0x080011b1   Thumb Code    32  port.o(.text.vPortEnterCritical)
    vPortExitCritical                        0x080011d1   Thumb Code    26  port.o(.text.vPortExitCritical)
    vPortFree                                0x080011ed   Thumb Code   100  heap_4.o(.text.vPortFree)
    vPortSetupTimerInterrupt                 0x08001251   Thumb Code    52  port.o(.text.vPortSetupTimerInterrupt)
    vQueueDelete                             0x08001285   Thumb Code    16  queue.o(.text.vQueueDelete)
    vQueueWaitForMessageRestricted           0x08001295   Thumb Code    68  queue.o(.text.vQueueWaitForMessageRestricted)
    vTaskDelayUntil                          0x080012d9   Thumb Code    92  tasks.o(.text.vTaskDelayUntil)
    vTaskInternalSetTimeOutState             0x08001335   Thumb Code    26  tasks.o(.text.vTaskInternalSetTimeOutState)
    vTaskMissedYield                         0x08001351   Thumb Code    14  tasks.o(.text.vTaskMissedYield)
    vTaskPlaceOnEventList                    0x08001361   Thumb Code    30  tasks.o(.text.vTaskPlaceOnEventList)
    vTaskPlaceOnEventListRestricted          0x08001381   Thumb Code    40  tasks.o(.text.vTaskPlaceOnEventListRestricted)
    vTaskPriorityDisinheritAfterTimeout      0x080013a9   Thumb Code   108  tasks.o(.text.vTaskPriorityDisinheritAfterTimeout)
    vTaskStartScheduler                      0x08001415   Thumb Code   132  tasks.o(.text.vTaskStartScheduler)
    vTaskSuspendAll                          0x080014a1   Thumb Code    16  tasks.o(.text.vTaskSuspendAll)
    vTaskSwitchContext                       0x080014b1   Thumb Code   164  tasks.o(.text.vTaskSwitchContext)
    xPortStartScheduler                      0x08001555   Thumb Code    74  port.o(.text.xPortStartScheduler)
    xPortSysTickHandler                      0x080015a1   Thumb Code    46  port.o(.text.xPortSysTickHandler)
    xQueueCreateMutex                        0x080015d1   Thumb Code    22  queue.o(.text.xQueueCreateMutex)
    xQueueCreateMutexStatic                  0x080015e9   Thumb Code    34  queue.o(.text.xQueueCreateMutexStatic)
    xQueueGenericCreate                      0x0800160d   Thumb Code    50  queue.o(.text.xQueueGenericCreate)
    xQueueGenericCreateStatic                0x08001641   Thumb Code    28  queue.o(.text.xQueueGenericCreateStatic)
    xQueueGenericReset                       0x0800165d   Thumb Code   106  queue.o(.text.xQueueGenericReset)
    xQueueGenericSend                        0x080016c9   Thumb Code   310  queue.o(.text.xQueueGenericSend)
    xQueueGenericSendFromISR                 0x08001801   Thumb Code   112  queue.o(.text.xQueueGenericSendFromISR)
    xQueueReceive                            0x08001871   Thumb Code   300  queue.o(.text.xQueueReceive)
    xQueueSemaphoreTake                      0x0800199d   Thumb Code   354  queue.o(.text.xQueueSemaphoreTake)
    xTaskCheckForTimeOut                     0x08001b01   Thumb Code    92  tasks.o(.text.xTaskCheckForTimeOut)
    xTaskCreate                              0x08001b5d   Thumb Code   102  tasks.o(.text.xTaskCreate)
    xTaskCreateStatic                        0x08001bc5   Thumb Code    62  tasks.o(.text.xTaskCreateStatic)
    xTaskGetSchedulerState                   0x08001c05   Thumb Code    38  tasks.o(.text.xTaskGetSchedulerState)
    xTaskGetTickCount                        0x08001c2d   Thumb Code    12  tasks.o(.text.xTaskGetTickCount)
    xTaskIncrementTick                       0x08001c39   Thumb Code   314  tasks.o(.text.xTaskIncrementTick)
    xTaskPriorityDisinherit                  0x08001d75   Thumb Code    92  tasks.o(.text.xTaskPriorityDisinherit)
    xTaskPriorityInherit                     0x08001dd1   Thumb Code   146  tasks.o(.text.xTaskPriorityInherit)
    xTaskRemoveFromEventList                 0x08001e65   Thumb Code   122  tasks.o(.text.xTaskRemoveFromEventList)
    xTaskResumeAll                           0x08001ee1   Thumb Code   252  tasks.o(.text.xTaskResumeAll)
    xTimerCreateTimerTask                    0x08001fdd   Thumb Code    96  timers.o(.text.xTimerCreateTimerTask)
    xTimerGenericCommand                     0x08002045   Thumb Code    86  timers.o(.text.xTimerGenericCommand)
    _fp_init                                 0x0800209b   Thumb Code    26  fpinit.o(x$fpl$fpinit)
    __fplib_config_fpu_vfp                   0x080020b3   Thumb Code     0  fpinit.o(x$fpl$fpinit)
    __fplib_config_pureend_doubles           0x080020b3   Thumb Code     0  fpinit.o(x$fpl$fpinit)
    Region$$Table$$Base                      0x080020b4   Number         0  anon$$obj.o(Region$$Table)
    Region$$Table$$Limit                     0x080020d4   Number         0  anon$$obj.o(Region$$Table)
    SystemCoreClock                          0x20000000   Data           4  system_stm32f4xx.o(.data.SystemCoreClock)
    __libspace_start                         0x20000008   Data          96  libspace.o(.bss)
    __temporary_stack_top$libspace           0x20000068   Data           0  libspace.o(.bss)
    pxCurrentTCB                             0x200002b4   Data           4  tasks.o(.bss.pxCurrentTCB)
    taskHandle_1                             0x2000072c   Data           4  main.o(.bss.taskHandle_1)



==============================================================================

Memory Map of the image

  Image Entry point : 0x08000231

  Load Region LR_1 (Base: 0x08000000, Size: 0x000020dc, Max: 0xffffffff, ABSOLUTE)

    Execution Region ER_RO (Exec base: 0x08000000, Load base: 0x08000000, Size: 0x000020d4, Max: 0xffffffff, ABSOLUTE)

    Exec Addr    Load Addr    Size         Type   Attr      Idx    E Section Name        Object

    0x08000000   0x08000000   0x00000188   Data   RO          281    RESET               startup_stm32f407xx.o
    0x08000188   0x08000188   0x00000008   Code   RO          739  * !!!main             c_w.l(__main.o)
    0x08000190   0x08000190   0x00000034   Code   RO          904    !!!scatter          c_w.l(__scatter.o)
    0x080001c4   0x080001c4   0x0000001a   Code   RO          906    !!handler_copy      c_w.l(__scatter_copy.o)
    0x080001de   0x080001de   0x00000002   PAD
    0x080001e0   0x080001e0   0x0000001c   Code   RO          908    !!handler_zi        c_w.l(__scatter_zi.o)
    0x080001fc   0x080001fc   0x00000002   Code   RO          768    .ARM.Collect$$libinit$$00000000  c_w.l(libinit.o)
    0x080001fe   0x080001fe   0x00000004   Code   RO          774    .ARM.Collect$$libinit$$00000001  c_w.l(libinit2.o)
    0x08000202   0x08000202   0x00000000   Code   RO          777    .ARM.Collect$$libinit$$00000004  c_w.l(libinit2.o)
    0x08000202   0x08000202   0x00000000   Code   RO          780    .ARM.Collect$$libinit$$0000000A  c_w.l(libinit2.o)
    0x08000202   0x08000202   0x00000000   Code   RO          782    .ARM.Collect$$libinit$$0000000C  c_w.l(libinit2.o)
    0x08000202   0x08000202   0x00000000   Code   RO          784    .ARM.Collect$$libinit$$0000000E  c_w.l(libinit2.o)
    0x08000202   0x08000202   0x00000000   Code   RO          787    .ARM.Collect$$libinit$$00000011  c_w.l(libinit2.o)
    0x08000202   0x08000202   0x00000000   Code   RO          789    .ARM.Collect$$libinit$$00000013  c_w.l(libinit2.o)
    0x08000202   0x08000202   0x00000000   Code   RO          791    .ARM.Collect$$libinit$$00000015  c_w.l(libinit2.o)
    0x08000202   0x08000202   0x00000000   Code   RO          793    .ARM.Collect$$libinit$$00000017  c_w.l(libinit2.o)
    0x08000202   0x08000202   0x00000000   Code   RO          795    .ARM.Collect$$libinit$$00000019  c_w.l(libinit2.o)
    0x08000202   0x08000202   0x00000000   Code   RO          797    .ARM.Collect$$libinit$$0000001B  c_w.l(libinit2.o)
    0x08000202   0x08000202   0x00000000   Code   RO          799    .ARM.Collect$$libinit$$0000001D  c_w.l(libinit2.o)
    0x08000202   0x08000202   0x00000000   Code   RO          801    .ARM.Collect$$libinit$$0000001F  c_w.l(libinit2.o)
    0x08000202   0x08000202   0x00000000   Code   RO          803    .ARM.Collect$$libinit$$00000021  c_w.l(libinit2.o)
    0x08000202   0x08000202   0x00000000   Code   RO          805    .ARM.Collect$$libinit$$00000023  c_w.l(libinit2.o)
    0x08000202   0x08000202   0x00000000   Code   RO          807    .ARM.Collect$$libinit$$00000025  c_w.l(libinit2.o)
    0x08000202   0x08000202   0x00000000   Code   RO          811    .ARM.Collect$$libinit$$0000002C  c_w.l(libinit2.o)
    0x08000202   0x08000202   0x00000000   Code   RO          813    .ARM.Collect$$libinit$$0000002E  c_w.l(libinit2.o)
    0x08000202   0x08000202   0x00000000   Code   RO          815    .ARM.Collect$$libinit$$00000030  c_w.l(libinit2.o)
    0x08000202   0x08000202   0x00000000   Code   RO          817    .ARM.Collect$$libinit$$00000032  c_w.l(libinit2.o)
    0x08000202   0x08000202   0x00000002   Code   RO          818    .ARM.Collect$$libinit$$00000033  c_w.l(libinit2.o)
    0x08000204   0x08000204   0x00000002   Code   RO          840    .ARM.Collect$$libshutdown$$00000000  c_w.l(libshutdown.o)
    0x08000206   0x08000206   0x00000000   Code   RO          855    .ARM.Collect$$libshutdown$$00000002  c_w.l(libshutdown2.o)
    0x08000206   0x08000206   0x00000000   Code   RO          857    .ARM.Collect$$libshutdown$$00000004  c_w.l(libshutdown2.o)
    0x08000206   0x08000206   0x00000000   Code   RO          860    .ARM.Collect$$libshutdown$$00000007  c_w.l(libshutdown2.o)
    0x08000206   0x08000206   0x00000000   Code   RO          863    .ARM.Collect$$libshutdown$$0000000A  c_w.l(libshutdown2.o)
    0x08000206   0x08000206   0x00000000   Code   RO          865    .ARM.Collect$$libshutdown$$0000000C  c_w.l(libshutdown2.o)
    0x08000206   0x08000206   0x00000000   Code   RO          868    .ARM.Collect$$libshutdown$$0000000F  c_w.l(libshutdown2.o)
    0x08000206   0x08000206   0x00000002   Code   RO          869    .ARM.Collect$$libshutdown$$00000010  c_w.l(libshutdown2.o)
    0x08000208   0x08000208   0x00000000   Code   RO          741    .ARM.Collect$$rtentry$$00000000  c_w.l(__rtentry.o)
    0x08000208   0x08000208   0x00000000   Code   RO          747    .ARM.Collect$$rtentry$$00000002  c_w.l(__rtentry2.o)
    0x08000208   0x08000208   0x00000006   Code   RO          759    .ARM.Collect$$rtentry$$00000004  c_w.l(__rtentry4.o)
    0x0800020e   0x0800020e   0x00000008   Code   RO          748    .ARM.Collect$$rtentry$$00000008  c_w.l(__rtentry2.o)
    0x08000216   0x08000216   0x00000004   Code   RO          750    .ARM.Collect$$rtentry$$0000000A  c_w.l(__rtentry2.o)
    0x0800021a   0x0800021a   0x00000000   Code   RO          752    .ARM.Collect$$rtentry$$0000000C  c_w.l(__rtentry2.o)
    0x0800021a   0x0800021a   0x00000008   Code   RO          753    .ARM.Collect$$rtentry$$0000000D  c_w.l(__rtentry2.o)
    0x08000222   0x08000222   0x00000002   Code   RO          772    .ARM.Collect$$rtexit$$00000000  c_w.l(rtexit.o)
    0x08000224   0x08000224   0x00000000   Code   RO          820    .ARM.Collect$$rtexit$$00000002  c_w.l(rtexit2.o)
    0x08000224   0x08000224   0x00000004   Code   RO          821    .ARM.Collect$$rtexit$$00000003  c_w.l(rtexit2.o)
    0x08000228   0x08000228   0x00000006   Code   RO          822    .ARM.Collect$$rtexit$$00000004  c_w.l(rtexit2.o)
    0x0800022e   0x0800022e   0x00000002   PAD
    0x08000230   0x08000230   0x00000040   Code   RO          282  * .text               startup_stm32f407xx.o
    0x08000270   0x08000270   0x0000008a   Code   RO          733    .text               c_w.l(rt_memcpy_v6.o)
    0x080002fa   0x080002fa   0x00000010   Code   RO          735    .text               c_w.l(aeabi_memset4.o)
    0x0800030a   0x0800030a   0x00000006   Code   RO          737    .text               c_w.l(heapauxi.o)
    0x08000310   0x08000310   0x00000064   Code   RO          742    .text               c_w.l(rt_memcpy_w.o)
    0x08000374   0x08000374   0x0000004e   Code   RO          744    .text               c_w.l(rt_memclr_w.o)
    0x080003c2   0x080003c2   0x0000004a   Code   RO          761    .text               c_w.l(sys_stackheap_outer.o)
    0x0800040c   0x0800040c   0x00000012   Code   RO          763    .text               c_w.l(exit.o)
    0x0800041e   0x0800041e   0x00000002   PAD
    0x08000420   0x08000420   0x00000008   Code   RO          769    .text               c_w.l(libspace.o)
    0x08000428   0x08000428   0x0000000c   Code   RO          830    .text               c_w.l(sys_exit.o)
    0x08000434   0x08000434   0x00000002   Code   RO          845    .text               c_w.l(use_no_semi.o)
    0x08000436   0x08000436   0x00000000   Code   RO          847    .text               c_w.l(indicate_semi.o)
    0x08000436   0x08000436   0x0000000a   PAD
    0x08000440   0x08000440   0x00000064   Code   RO          381    .text.PendSV_Handler  port.o
    0x080004a4   0x080004a4   0x0000000c   PAD
    0x080004b0   0x080004b0   0x00000024   Code   RO          365    .text.SVC_Handler   port.o
    0x080004d4   0x080004d4   0x0000001a   Code   RO           75    .text.SysTick_Handler  cmsis_os2.o
    0x080004ee   0x080004ee   0x00000002   PAD
    0x080004f0   0x080004f0   0x0000001a   Code   RO          289    .text.SystemInit    system_stm32f4xx.o
    0x0800050a   0x0800050a   0x00000002   PAD
    0x0800050c   0x0800050c   0x0000001a   Code   RO           26    .text._mutex_acquire  clib_arm.o
    0x08000526   0x08000526   0x00000002   PAD
    0x08000528   0x08000528   0x00000030   Code   RO           30    .text._mutex_free   clib_arm.o
    0x08000558   0x08000558   0x00000052   Code   RO           24    .text._mutex_initialize  clib_arm.o
    0x080005aa   0x080005aa   0x00000002   PAD
    0x080005ac   0x080005ac   0x0000001c   Code   RO           28    .text._mutex_release  clib_arm.o
    0x080005c8   0x080005c8   0x00000002   Code   RO           18    .text._platform_post_stackheap_init  clib_arm.o
    0x080005ca   0x080005ca   0x00000002   PAD
    0x080005cc   0x080005cc   0x00000054   Code   RO            2    .text.main          main.o
    0x08000620   0x08000620   0x00000024   Code   RO           22    .text.os_kernel_is_active  clib_arm.o
    0x08000644   0x08000644   0x00000080   Code   RO          526    .text.prvAddCurrentTaskToDelayedList  tasks.o
    0x080006c4   0x080006c4   0x000000ac   Code   RO          512    .text.prvAddNewTaskToReadyList  tasks.o
    0x08000770   0x08000770   0x0000006a   Code   RO          663    .text.prvCheckForValidListAndQueue  timers.o
    0x080007da   0x080007da   0x00000002   PAD
    0x080007dc   0x080007dc   0x0000004e   Code   RO          630    .text.prvCheckTasksWaitingTermination  tasks.o
    0x0800082a   0x0800082a   0x00000002   PAD
    0x0800082c   0x0800082c   0x00000026   Code   RO          468    .text.prvCopyDataFromQueue  queue.o
    0x08000852   0x08000852   0x00000002   PAD
    0x08000854   0x08000854   0x0000007a   Code   RO          456    .text.prvCopyDataToQueue  queue.o
    0x080008ce   0x080008ce   0x00000002   PAD
    0x080008d0   0x080008d0   0x00000020   Code   RO          518    .text.prvDeleteTCB  tasks.o
    0x080008f0   0x080008f0   0x00000012   Code   RO          472    .text.prvGetDisinheritPriorityAfterTimeout  queue.o
    0x08000902   0x08000902   0x00000002   PAD
    0x08000904   0x08000904   0x00000020   Code   RO          701    .text.prvGetNextExpireTime  timers.o
    0x08000924   0x08000924   0x00000076   Code   RO          396    .text.prvHeapInit   heap_4.o
    0x0800099a   0x0800099a   0x00000002   PAD
    0x0800099c   0x0800099c   0x0000002a   Code   RO          552    .text.prvIdleTask   tasks.o
    0x080009c6   0x080009c6   0x00000002   PAD
    0x080009c8   0x080009c8   0x00000020   Code   RO          436    .text.prvInitialiseMutex  queue.o
    0x080009e8   0x080009e8   0x00000020   Code   RO          430    .text.prvInitialiseNewQueue  queue.o
    0x08000a08   0x08000a08   0x00000098   Code   RO          510    .text.prvInitialiseNewTask  tasks.o
    0x08000aa0   0x08000aa0   0x00000070   Code   RO          628    .text.prvInitialiseTaskLists  tasks.o
    0x08000b10   0x08000b10   0x0000005a   Code   RO          398    .text.prvInsertBlockIntoFreeList  heap_4.o
    0x08000b6a   0x08000b6a   0x00000002   PAD
    0x08000b6c   0x08000b6c   0x00000040   Code   RO          713    .text.prvInsertTimerInActiveList  timers.o
    0x08000bac   0x08000bac   0x00000018   Code   RO          470    .text.prvIsQueueEmpty  queue.o
    0x08000bc4   0x08000bc4   0x0000001c   Code   RO          458    .text.prvIsQueueFull  queue.o
    0x08000be0   0x08000be0   0x00000028   Code   RO          373    .text.prvPortStartFirstTask  port.o
    0x08000c08   0x08000c08   0x00000058   Code   RO          709    .text.prvProcessExpiredTimer  timers.o
    0x08000c60   0x08000c60   0x000000f4   Code   RO          705    .text.prvProcessReceivedCommands  timers.o
    0x08000d54   0x08000d54   0x00000080   Code   RO          703    .text.prvProcessTimerOrBlockTask  timers.o
    0x08000dd4   0x08000dd4   0x00000028   Code   RO          520    .text.prvResetNextTaskUnblockTime  tasks.o
    0x08000dfc   0x08000dfc   0x0000002a   Code   RO          707    .text.prvSampleTimeNow  timers.o
    0x08000e26   0x08000e26   0x00000002   PAD
    0x08000e28   0x08000e28   0x00000078   Code   RO          711    .text.prvSwitchTimerLists  timers.o
    0x08000ea0   0x08000ea0   0x00000022   Code   RO          363    .text.prvTaskExitError  port.o
    0x08000ec2   0x08000ec2   0x00000002   PAD
    0x08000ec4   0x08000ec4   0x00000016   Code   RO          665    .text.prvTimerTask  timers.o
    0x08000eda   0x08000eda   0x00000002   PAD
    0x08000edc   0x08000edc   0x00000072   Code   RO          460    .text.prvUnlockQueue  queue.o
    0x08000f4e   0x08000f4e   0x00000002   PAD
    0x08000f50   0x08000f50   0x0000010c   Code   RO          394    .text.pvPortMalloc  heap_4.o
    0x0800105c   0x0800105c   0x00000018   Code   RO          612    .text.pvTaskIncrementMutexHeldCount  tasks.o
    0x08001074   0x08001074   0x00000028   Code   RO          361    .text.pxPortInitialiseStack  port.o
    0x0800109c   0x0800109c   0x00000028   Code   RO            4    .text.task1         main.o
    0x080010c4   0x080010c4   0x00000024   Code   RO          351    .text.uxListRemove  list.o
    0x080010e8   0x080010e8   0x0000001a   Code   RO          231    .text.vApplicationGetIdleTaskMemory  cmsis_os2.o
    0x08001102   0x08001102   0x00000002   PAD
    0x08001104   0x08001104   0x0000001a   Code   RO          233    .text.vApplicationGetTimerTaskMemory  cmsis_os2.o
    0x0800111e   0x0800111e   0x00000002   PAD
    0x08001120   0x08001120   0x00000002   Code   RO          229    .text.vApplicationStackOverflowHook  cmsis_os2.o
    0x08001122   0x08001122   0x00000002   PAD
    0x08001124   0x08001124   0x00000016   Code   RO          343    .text.vListInitialise  list.o
    0x0800113a   0x0800113a   0x00000002   PAD
    0x0800113c   0x0800113c   0x00000006   Code   RO          345    .text.vListInitialiseItem  list.o
    0x08001142   0x08001142   0x00000002   PAD
    0x08001144   0x08001144   0x0000003a   Code   RO          349    .text.vListInsert   list.o
    0x0800117e   0x0800117e   0x00000002   PAD
    0x08001180   0x08001180   0x0000001c   Code   RO          347    .text.vListInsertEnd  list.o
    0x0800119c   0x0800119c   0x00000014   Code   RO          371    .text.vPortEnableVFP  port.o
    0x080011b0   0x080011b0   0x00000020   Code   RO          377    .text.vPortEnterCritical  port.o
    0x080011d0   0x080011d0   0x0000001a   Code   RO          379    .text.vPortExitCritical  port.o
    0x080011ea   0x080011ea   0x00000002   PAD
    0x080011ec   0x080011ec   0x00000064   Code   RO          400    .text.vPortFree     heap_4.o
    0x08001250   0x08001250   0x00000034   Code   RO          369    .text.vPortSetupTimerInterrupt  port.o
    0x08001284   0x08001284   0x00000010   Code   RO          486    .text.vQueueDelete  queue.o
    0x08001294   0x08001294   0x00000044   Code   RO          498    .text.vQueueWaitForMessageRestricted  queue.o
    0x080012d8   0x080012d8   0x0000005c   Code   RO          522    .text.vTaskDelayUntil  tasks.o
    0x08001334   0x08001334   0x0000001a   Code   RO          584    .text.vTaskInternalSetTimeOutState  tasks.o
    0x0800134e   0x0800134e   0x00000002   PAD
    0x08001350   0x08001350   0x0000000e   Code   RO          588    .text.vTaskMissedYield  tasks.o
    0x0800135e   0x0800135e   0x00000002   PAD
    0x08001360   0x08001360   0x0000001e   Code   RO          572    .text.vTaskPlaceOnEventList  tasks.o
    0x0800137e   0x0800137e   0x00000002   PAD
    0x08001380   0x08001380   0x00000028   Code   RO          576    .text.vTaskPlaceOnEventListRestricted  tasks.o
    0x080013a8   0x080013a8   0x0000006c   Code   RO          608    .text.vTaskPriorityDisinheritAfterTimeout  tasks.o
    0x08001414   0x08001414   0x0000008c   Code   RO          550    .text.vTaskStartScheduler  tasks.o
    0x080014a0   0x080014a0   0x00000010   Code   RO          524    .text.vTaskSuspendAll  tasks.o
    0x080014b0   0x080014b0   0x000000a4   Code   RO          542    .text.vTaskSwitchContext  tasks.o
    0x08001554   0x08001554   0x0000004a   Code   RO          367    .text.xPortStartScheduler  port.o
    0x0800159e   0x0800159e   0x00000002   PAD
    0x080015a0   0x080015a0   0x0000002e   Code   RO          383    .text.xPortSysTickHandler  port.o
    0x080015ce   0x080015ce   0x00000002   PAD
    0x080015d0   0x080015d0   0x00000016   Code   RO          434    .text.xQueueCreateMutex  queue.o
    0x080015e6   0x080015e6   0x00000002   PAD
    0x080015e8   0x080015e8   0x00000022   Code   RO          438    .text.xQueueCreateMutexStatic  queue.o
    0x0800160a   0x0800160a   0x00000002   PAD
    0x0800160c   0x0800160c   0x00000032   Code   RO          432    .text.xQueueGenericCreate  queue.o
    0x0800163e   0x0800163e   0x00000002   PAD
    0x08001640   0x08001640   0x0000001c   Code   RO          428    .text.xQueueGenericCreateStatic  queue.o
    0x0800165c   0x0800165c   0x0000006a   Code   RO          426    .text.xQueueGenericReset  queue.o
    0x080016c6   0x080016c6   0x00000002   PAD
    0x080016c8   0x080016c8   0x00000136   Code   RO          446    .text.xQueueGenericSend  queue.o
    0x080017fe   0x080017fe   0x00000002   PAD
    0x08001800   0x08001800   0x00000070   Code   RO          462    .text.xQueueGenericSendFromISR  queue.o
    0x08001870   0x08001870   0x0000012c   Code   RO          466    .text.xQueueReceive  queue.o
    0x0800199c   0x0800199c   0x00000162   Code   RO          450    .text.xQueueSemaphoreTake  queue.o
    0x08001afe   0x08001afe   0x00000002   PAD
    0x08001b00   0x08001b00   0x0000005c   Code   RO          586    .text.xTaskCheckForTimeOut  tasks.o
    0x08001b5c   0x08001b5c   0x00000066   Code   RO          514    .text.xTaskCreate   tasks.o
    0x08001bc2   0x08001bc2   0x00000002   PAD
    0x08001bc4   0x08001bc4   0x0000003e   Code   RO          508    .text.xTaskCreateStatic  tasks.o
    0x08001c02   0x08001c02   0x00000002   PAD
    0x08001c04   0x08001c04   0x00000026   Code   RO          602    .text.xTaskGetSchedulerState  tasks.o
    0x08001c2a   0x08001c2a   0x00000002   PAD
    0x08001c2c   0x08001c2c   0x0000000c   Code   RO          558    .text.xTaskGetTickCount  tasks.o
    0x08001c38   0x08001c38   0x0000013a   Code   RO          556    .text.xTaskIncrementTick  tasks.o
    0x08001d72   0x08001d72   0x00000002   PAD
    0x08001d74   0x08001d74   0x0000005c   Code   RO          606    .text.xTaskPriorityDisinherit  tasks.o
    0x08001dd0   0x08001dd0   0x00000092   Code   RO          604    .text.xTaskPriorityInherit  tasks.o
    0x08001e62   0x08001e62   0x00000002   PAD
    0x08001e64   0x08001e64   0x0000007a   Code   RO          578    .text.xTaskRemoveFromEventList  tasks.o
    0x08001ede   0x08001ede   0x00000002   PAD
    0x08001ee0   0x08001ee0   0x000000fc   Code   RO          528    .text.xTaskResumeAll  tasks.o
    0x08001fdc   0x08001fdc   0x00000068   Code   RO          661    .text.xTimerCreateTimerTask  timers.o
    0x08002044   0x08002044   0x00000056   Code   RO          673    .text.xTimerGenericCommand  timers.o
    0x0800209a   0x0800209a   0x0000001a   Code   RO          828    x$fpl$fpinit        fz_wm.l(fpinit.o)
    0x080020b4   0x080020b4   0x00000020   Data   RO          903    Region$$Table       anon$$obj.o


    Execution Region ER_RW (Exec base: 0x20000000, Load base: 0x080020d4, Size: 0x00000008, Max: 0xffffffff, ABSOLUTE)

    Exec Addr    Load Addr    Size         Type   Attr      Idx    E Section Name        Object

    0x20000000   0x080020d4   0x00000004   Data   RW          293    .data.SystemCoreClock  system_stm32f4xx.o
    0x20000004   0x080020d8   0x00000004   Data   RW          385    .data.uxCriticalNesting  port.o


    Execution Region ER_ZI (Exec base: 0x20000008, Load base: 0x080020dc, Size: 0x00003200, Max: 0xffffffff, ABSOLUTE)

    Exec Addr    Load Addr    Size         Type   Attr      Idx    E Section Name        Object

    0x20000008        -       0x00000060   Zero   RW          770    .bss                c_w.l(libspace.o)
    0x20000068        -       0x00000190   Zero   RW           35    .bss.clib_mutex_cb  clib_arm.o
    0x200001f8        -       0x00000014   Zero   RW           34    .bss.clib_mutex_id  clib_arm.o
    0x2000020c        -       0x00000001   Zero   RW           36    .bss.os_kernel_is_active.os_kernel_active  clib_arm.o
    0x2000020d        -       0x00000050   Zero   RW          723    .bss.prvCheckForValidListAndQueue.ucStaticTimerQueueStorage  timers.o
    0x2000025d   0x080020dc   0x00000003   PAD
    0x20000260        -       0x00000050   Zero   RW          722    .bss.prvCheckForValidListAndQueue.xStaticTimerQueue  timers.o
    0x200002b0        -       0x00000004   Zero   RW          719    .bss.prvSampleTimeNow.xLastTime  timers.o
    0x200002b4        -       0x00000004   Zero   RW          632    .bss.pxCurrentTCB   tasks.o
    0x200002b8        -       0x00000004   Zero   RW          717    .bss.pxCurrentTimerList  timers.o
    0x200002bc        -       0x00000004   Zero   RW          639    .bss.pxDelayedTaskList  tasks.o
    0x200002c0        -       0x00000004   Zero   RW          410    .bss.pxEnd          heap_4.o
    0x200002c4        -       0x00000004   Zero   RW          640    .bss.pxOverflowDelayedTaskList  tasks.o
    0x200002c8        -       0x00000004   Zero   RW          718    .bss.pxOverflowTimerList  timers.o
    0x200002cc        -       0x00000460   Zero   RW          642    .bss.pxReadyTasksLists  tasks.o
    0x2000072c        -       0x00000004   Zero   RW            8    .bss.taskHandle_1   main.o
    0x20000730        -       0x00002000   Zero   RW          417    .bss.ucHeap         heap_4.o
    0x20002730        -       0x00000004   Zero   RW          636    .bss.uxCurrentNumberOfTasks  tasks.o
    0x20002734        -       0x00000004   Zero   RW          635    .bss.uxDeletedTasksWaitingCleanUp  tasks.o
    0x20002738        -       0x00000004   Zero   RW          644    .bss.uxSchedulerSuspended  tasks.o
    0x2000273c        -       0x00000004   Zero   RW          633    .bss.uxTaskNumber   tasks.o
    0x20002740        -       0x00000004   Zero   RW          643    .bss.uxTopReadyPriority  tasks.o
    0x20002744        -       0x00000200   Zero   RW          240    .bss.vApplicationGetIdleTaskMemory.Idle_Stack  cmsis_os2.o
    0x20002944        -       0x0000005c   Zero   RW          239    .bss.vApplicationGetIdleTaskMemory.Idle_TCB  cmsis_os2.o
    0x200029a0        -       0x00000140   Zero   RW          242    .bss.vApplicationGetTimerTaskMemory.Timer_Stack  cmsis_os2.o
    0x20002ae0        -       0x0000005c   Zero   RW          241    .bss.vApplicationGetTimerTaskMemory.Timer_TCB  cmsis_os2.o
    0x20002b3c        -       0x00000014   Zero   RW          720    .bss.xActiveTimerList1  timers.o
    0x20002b50        -       0x00000014   Zero   RW          721    .bss.xActiveTimerList2  timers.o
    0x20002b64        -       0x00000001   Zero   RW          411    .bss.xBlockAllocatedBit  heap_4.o
    0x20002b65   0x080020dc   0x00000003   PAD
    0x20002b68        -       0x00000014   Zero   RW          651    .bss.xDelayedTaskList1  tasks.o
    0x20002b7c        -       0x00000014   Zero   RW          652    .bss.xDelayedTaskList2  tasks.o
    0x20002b90        -       0x00000004   Zero   RW          412    .bss.xFreeBytesRemaining  heap_4.o
    0x20002b94        -       0x00000004   Zero   RW          646    .bss.xIdleTaskHandle  tasks.o
    0x20002b98        -       0x00000004   Zero   RW          414    .bss.xMinimumEverFreeBytesRemaining  heap_4.o
    0x20002b9c        -       0x00000004   Zero   RW          647    .bss.xNextTaskUnblockTime  tasks.o
    0x20002ba0        -       0x00000004   Zero   RW          650    .bss.xNumOfOverflows  tasks.o
    0x20002ba4        -       0x00000004   Zero   RW          415    .bss.xNumberOfSuccessfulAllocations  heap_4.o
    0x20002ba8        -       0x00000004   Zero   RW          416    .bss.xNumberOfSuccessfulFrees  heap_4.o
    0x20002bac        -       0x00000004   Zero   RW          649    .bss.xPendedTicks   tasks.o
    0x20002bb0        -       0x00000014   Zero   RW          645    .bss.xPendingReadyList  tasks.o
    0x20002bc4        -       0x00000004   Zero   RW          637    .bss.xSchedulerRunning  tasks.o
    0x20002bc8        -       0x00000008   Zero   RW          413    .bss.xStart         heap_4.o
    0x20002bd0        -       0x00000014   Zero   RW          641    .bss.xSuspendedTaskList  tasks.o
    0x20002be4        -       0x00000014   Zero   RW          634    .bss.xTasksWaitingTermination  tasks.o
    0x20002bf8        -       0x00000004   Zero   RW          638    .bss.xTickCount     tasks.o
    0x20002bfc        -       0x00000004   Zero   RW          715    .bss.xTimerQueue    timers.o
    0x20002c00        -       0x00000004   Zero   RW          716    .bss.xTimerTaskHandle  timers.o
    0x20002c04        -       0x00000004   Zero   RW          648    .bss.xYieldPending  tasks.o
    0x20002c08        -       0x00000200   Zero   RW          280    HEAP                startup_stm32f407xx.o
    0x20002e08        -       0x00000400   Zero   RW          279    STACK               startup_stm32f407xx.o


==============================================================================

Image component sizes


      Code (inc. data)   RO Data    RW Data    ZI Data      Debug   Object Name

       222          0          0          0        421       3498   clib_arm.o
        80          0          0          0       1016      48333   cmsis_os2.o
       576          0          0          0       8221       4551   heap_4.o
       150          0          0          0          0       2354   list.o
       124          8          0          0          4       2445   main.o
       500         16          0          4          0       2868   port.o
      1808          0          0          0          0      18176   queue.o
        64         26        392          0       1536        912   startup_stm32f407xx.o
        26          0          0          4          0       2770   system_stm32f4xx.o
      2642          8          0          0       1280      27130   tasks.o
      1036         18          0          0        220      13260   timers.o

    ----------------------------------------------------------------------
      7322         88        424          8      12704     126297   Object Totals
         0          0         32          0          0          0   (incl. Generated)
        94         12          0          0          6          0   (incl. Padding)

    ----------------------------------------------------------------------

      Code (inc. data)   RO Data    RW Data    ZI Data      Debug   Library Member Name

         8          0          0          0          0         68   __main.o
         0          0          0          0          0          0   __rtentry.o
        20          0          0          0          0          0   __rtentry2.o
         6          0          0          0          0          0   __rtentry4.o
        52          8          0          0          0          0   __scatter.o
        26          0          0          0          0          0   __scatter_copy.o
        28          0          0          0          0          0   __scatter_zi.o
        16          0          0          0          0         68   aeabi_memset4.o
        18          0          0          0          0         80   exit.o
         6          0          0          0          0        152   heapauxi.o
         0          0          0          0          0          0   indicate_semi.o
         2          0          0          0          0          0   libinit.o
         6          0          0          0          0          0   libinit2.o
         2          0          0          0          0          0   libshutdown.o
         2          0          0          0          0          0   libshutdown2.o
         8          4          0          0         96         68   libspace.o
        78          0          0          0          0         80   rt_memclr_w.o
       138          0          0          0          0         68   rt_memcpy_v6.o
       100          0          0          0          0         80   rt_memcpy_w.o
         2          0          0          0          0          0   rtexit.o
        10          0          0          0          0          0   rtexit2.o
        12          4          0          0          0         68   sys_exit.o
        74          0          0          0          0         80   sys_stackheap_outer.o
         2          0          0          0          0         68   use_no_semi.o
        26          0          0          0          0        116   fpinit.o

    ----------------------------------------------------------------------
       658         16          0          0         96        996   Library Totals
        16          0          0          0          0          0   (incl. Padding)

    ----------------------------------------------------------------------

      Code (inc. data)   RO Data    RW Data    ZI Data      Debug   Library Name

       616         16          0          0         96        880   c_w.l
        26          0          0          0          0        116   fz_wm.l

    ----------------------------------------------------------------------
       658         16          0          0         96        996   Library Totals

    ----------------------------------------------------------------------

==============================================================================


      Code (inc. data)   RO Data    RW Data    ZI Data      Debug   

      7980        104        424          8      12800     126785   Grand Totals
      7980        104        424          8      12800     126785   ELF Image Totals
      7980        104        424          8          0          0   ROM Totals

==============================================================================

    Total RO  Size (Code + RO Data)                 8404 (   8.21kB)
    Total RW  Size (RW Data + ZI Data)             12808 (  12.51kB)
    Total ROM Size (Code + RO Data + RW Data)       8412 (   8.21kB)

==============================================================================

