main.c:17:5:main	8	static
main.c:41:6:SystemClock_Config_HSE	88	static
main.c:115:6:USART2_UART_Init	8	static
main.c:130:6:GPIO_Init	32	static
main.c:140:6:CAN1_Init	8	static
main.c:162:6:CAN1_Tx	48	static
main.c:194:6:CAN_Filter_Config	48	static
main.c:213:6:HAL_CAN_TxMailbox0CompleteCallback	80	static
main.c:218:6:HAL_CAN_TxMailbox1CompleteCallback	80	static
main.c:223:6:HAL_CAN_TxMailbox2CompleteCallback	80	static
main.c:228:6:HAL_CAN_RxFifo0MsgPendingCallback	104	static
main.c:240:6:Error_Handler	4	static
