main.c:78:5:main	8	static
main.c:101:6:bootloader_uart_read_data	16	static
main.c:158:6:bootloader_jump_to_user_app	24	static,ignoring_inline_asm
main.c:191:6:SystemClock_Config	88	static
main.c:234:13:MX_CRC_Init	8	static
main.c:257:13:MX_USART2_UART_Init	8	static
main.c:290:13:MX_USART3_UART_Init	8	static
main.c:323:13:MX_GPIO_Init	16	static
main.c:333:6:printmsg	96	static
main.c:346:6:Error_Handler	4	static
main.c:350:6:bootloader_send_ack	24	static
main.c:357:6:bootloader_send_nack	16	static
main.c:362:9:bootloader_verify_crc	40	static
main.c:380:10:get_mcu_chip_id	16	static
main.c:385:9:get_flash_rdp_level	16	static
main.c:401:9:verify_address	16	static
main.c:428:9:execute_flash_erase	48	static
main.c:473:9:execute_mem_write	40	static
main.c:486:10:check_sector_status	16	static
main.c:498:6:bootloader_handle_getver_cmd	32	static
main.c:526:6:bootloader_handle_gethelp_cmd	24	static
main.c:548:6:bootloader_handle_getcid_cmd	32	static
main.c:575:6:bootloader_handle_getrdp_cmd	32	static
main.c:602:6:bootloader_handle_go_cmd	40	static
main.c:657:6:bootloader_handle_flash_erase_cmd	32	static
main.c:687:6:bootloader_handle_mem_write_cmd	40	static
main.c:739:6:bootloader_handle_en_rw_protect	16	static
main.c:742:6:bootloader_handle_mem_read	16	static
main.c:745:6:bootloader_handle_read_sector_protection_status	32	static
main.c:778:6:bootloader_handle_read_otp	16	static
main.c:781:6:bootloader_handle_dis_rw_protect	16	static
main.c:785:6:bootloader_uart_write_data	16	static
main.c:790:9:get_bootloader_version	4	static
