core_cm4.h:1596:22:NVIC_SetPriorityGrouping	24	static
core_cm4.h:1615:26:NVIC_GetPriorityGrouping	4	static
core_cm4.h:1626:22:NVIC_EnableIRQ	16	static
core_cm4.h:1637:22:NVIC_DisableIRQ	16	static
core_cm4.h:1650:26:NVIC_GetPendingIRQ	16	static
core_cm4.h:1661:22:NVIC_SetPendingIRQ	16	static
core_cm4.h:1672:22:NVIC_ClearPendingIRQ	16	static
core_cm4.h:1685:26:NVIC_GetActive	16	static
core_cm4.h:1698:22:NVIC_SetPriority	16	static
core_cm4.h:1720:26:NVIC_GetPriority	16	static
core_cm4.h:1745:26:NVIC_EncodePriority	40	static
core_cm4.h:1772:22:NVIC_DecodePriority	40	static
core_cm4.h:1790:22:NVIC_SystemReset	4	static,ignoring_inline_asm
core_cm4.h:1830:26:SysTick_Config	16	static
stm32f4xx_hal_cortex.c:159:6:HAL_NVIC_SetPriorityGrouping	16	static
stm32f4xx_hal_cortex.c:181:6:HAL_NVIC_SetPriority	32	static
stm32f4xx_hal_cortex.c:203:6:HAL_NVIC_EnableIRQ	16	static
stm32f4xx_hal_cortex.c:219:6:HAL_NVIC_DisableIRQ	16	static
stm32f4xx_hal_cortex.c:232:6:HAL_NVIC_SystemReset	8	static
stm32f4xx_hal_cortex.c:245:10:HAL_SYSTICK_Config	16	static
stm32f4xx_hal_cortex.c:274:6:HAL_MPU_Disable	4	static,ignoring_inline_asm
stm32f4xx_hal_cortex.c:297:6:HAL_MPU_Enable	16	static,ignoring_inline_asm
stm32f4xx_hal_cortex.c:316:6:HAL_MPU_ConfigRegion	16	static
stm32f4xx_hal_cortex.c:360:10:HAL_NVIC_GetPriorityGrouping	8	static
stm32f4xx_hal_cortex.c:387:6:HAL_NVIC_GetPriority	24	static
stm32f4xx_hal_cortex.c:402:6:HAL_NVIC_SetPendingIRQ	16	static
stm32f4xx_hal_cortex.c:420:10:HAL_NVIC_GetPendingIRQ	16	static
stm32f4xx_hal_cortex.c:436:6:HAL_NVIC_ClearPendingIRQ	16	static
stm32f4xx_hal_cortex.c:453:10:HAL_NVIC_GetActive	16	static
stm32f4xx_hal_cortex.c:470:6:HAL_SYSTICK_CLKSourceConfig	16	static
stm32f4xx_hal_cortex.c:488:6:HAL_SYSTICK_IRQHandler	8	static
stm32f4xx_hal_cortex.c:497:13:HAL_SYSTICK_Callback	4	static
