stm32f4xx_hal_uart.c:244:19:HAL_UART_Init	16	static
stm32f4xx_hal_uart.c:306:19:HAL_HalfDuplex_Init	16	static
stm32f4xx_hal_uart.c:366:19:HAL_LIN_Init	16	static
stm32f4xx_hal_uart.c:432:19:HAL_MultiProcessor_Init	24	static
stm32f4xx_hal_uart.c:495:19:HAL_UART_DeInit	16	static
stm32f4xx_hal_uart.c:527:14:HAL_UART_MspInit	16	static
stm32f4xx_hal_uart.c:542:14:HAL_UART_MspDeInit	16	static
stm32f4xx_hal_uart.c:616:19:HAL_UART_Transmit	40	static
stm32f4xx_hal_uart.c:698:19:HAL_UART_Receive	40	static
stm32f4xx_hal_uart.c:786:19:HAL_UART_Transmit_IT	24	static
stm32f4xx_hal_uart.c:828:19:HAL_UART_Receive_IT	24	static
stm32f4xx_hal_uart.c:873:19:HAL_UART_Transmit_DMA	32	static
stm32f4xx_hal_uart.c:938:19:HAL_UART_Receive_DMA	32	static
stm32f4xx_hal_uart.c:1005:19:HAL_UART_DMAPause	24	static
stm32f4xx_hal_uart.c:1040:19:HAL_UART_DMAResume	24	static
stm32f4xx_hal_uart.c:1075:19:HAL_UART_DMAStop	24	static
stm32f4xx_hal_uart.c:1127:19:HAL_UART_Abort	16	static
stm32f4xx_hal_uart.c:1191:19:HAL_UART_AbortTransmit	16	static
stm32f4xx_hal_uart.c:1233:19:HAL_UART_AbortReceive	16	static
stm32f4xx_hal_uart.c:1278:19:HAL_UART_Abort_IT	24	static
stm32f4xx_hal_uart.c:1400:19:HAL_UART_AbortTransmit_IT	16	static
stm32f4xx_hal_uart.c:1465:19:HAL_UART_AbortReceive_IT	16	static
stm32f4xx_hal_uart.c:1523:6:HAL_UART_IRQHandler	40	static
stm32f4xx_hal_uart.c:1650:14:HAL_UART_TxCpltCallback	16	static
stm32f4xx_hal_uart.c:1665:14:HAL_UART_TxHalfCpltCallback	16	static
stm32f4xx_hal_uart.c:1680:13:HAL_UART_RxCpltCallback	16	static
stm32f4xx_hal_uart.c:1695:13:HAL_UART_RxHalfCpltCallback	16	static
stm32f4xx_hal_uart.c:1710:14:HAL_UART_ErrorCallback	16	static
stm32f4xx_hal_uart.c:1724:13:HAL_UART_AbortCpltCallback	16	static
stm32f4xx_hal_uart.c:1738:13:HAL_UART_AbortTransmitCpltCallback	16	static
stm32f4xx_hal_uart.c:1753:13:HAL_UART_AbortReceiveCpltCallback	16	static
stm32f4xx_hal_uart.c:1790:19:HAL_LIN_SendBreak	16	static
stm32f4xx_hal_uart.c:1817:19:HAL_MultiProcessor_EnterMuteMode	16	static
stm32f4xx_hal_uart.c:1844:19:HAL_MultiProcessor_ExitMuteMode	16	static
stm32f4xx_hal_uart.c:1871:19:HAL_HalfDuplex_EnableTransmitter	24	static
stm32f4xx_hal_uart.c:1906:19:HAL_HalfDuplex_EnableReceiver	24	static
stm32f4xx_hal_uart.c:1963:23:HAL_UART_GetState	24	static
stm32f4xx_hal_uart.c:1978:10:HAL_UART_GetError	16	static
stm32f4xx_hal_uart.c:1992:13:UART_DMATransmitCplt	24	static
stm32f4xx_hal_uart.c:2021:13:UART_DMATxHalfCplt	24	static
stm32f4xx_hal_uart.c:2033:13:UART_DMAReceiveCplt	24	static
stm32f4xx_hal_uart.c:2061:13:UART_DMARxHalfCplt	24	static
stm32f4xx_hal_uart.c:2073:13:UART_DMAError	24	static
stm32f4xx_hal_uart.c:2108:26:UART_WaitOnFlagUntilTimeout	24	static
stm32f4xx_hal_uart.c:2141:13:UART_EndTxTransfer	16	static
stm32f4xx_hal_uart.c:2155:13:UART_EndRxTransfer	16	static
stm32f4xx_hal_uart.c:2171:13:UART_DMAAbortOnError	24	static
stm32f4xx_hal_uart.c:2188:13:UART_DMATxAbortCallback	24	static
stm32f4xx_hal_uart.c:2226:13:UART_DMARxAbortCallback	24	static
stm32f4xx_hal_uart.c:2264:13:UART_DMATxOnlyAbortCallback	24	static
stm32f4xx_hal_uart.c:2285:13:UART_DMARxOnlyAbortCallback	24	static
stm32f4xx_hal_uart.c:2304:26:UART_Transmit_IT	24	static
stm32f4xx_hal_uart.c:2351:26:UART_EndTransmit_IT	16	static
stm32f4xx_hal_uart.c:2370:26:UART_Receive_IT	24	static
stm32f4xx_hal_uart.c:2432:13:UART_SetConfig	32	static
