15:59:06 **** Incremental Build of configuration Debug for project CAN_LoopBack ****
make -j4 all 
arm-none-eabi-gcc "../Core/Src/main.c" -mcpu=cortex-m4 -std=gnu11 -g3 -DUSE_HAL_DRIVER -DDEBUG -DSTM32F407xx -c -I../Drivers/CMSIS/Include -I../Drivers/STM32F4xx_HAL_Driver/Inc -I../Core/Inc -I../Drivers/CMSIS/Device/ST/STM32F4xx/Include -I../Drivers/STM32F4xx_HAL_Driver/Inc/Legacy -O0 -ffunction-sections -fdata-sections -Wall -fstack-usage -MMD -MP -MF"Core/Src/main.d" -MT"Core/Src/main.o" --specs=nano.specs -mfpu=fpv4-sp-d16 -mfloat-abi=hard -mthumb -o "Core/Src/main.o"
arm-none-eabi-gcc -o "CAN_LoopBack.elf" @"objects.list"   -mcpu=cortex-m4 -T"/home/tiago/Documents/MCU_Course/MCU1/CAN_LoopBack/STM32F407VGTX_FLASH.ld" --specs=nosys.specs -Wl,-Map="CAN_LoopBack.map" -Wl,--gc-sections -static --specs=nano.specs -mfpu=fpv4-sp-d16 -mfloat-abi=hard -mthumb -Wl,--start-group -lc -lm -Wl,--end-group
Finished building target: CAN_LoopBack.elf
 
arm-none-eabi-objdump -h -S  CAN_LoopBack.elf  > "CAN_LoopBack.list"
arm-none-eabi-objcopy  -O binary  CAN_LoopBack.elf  "CAN_LoopBack.bin"
arm-none-eabi-size   CAN_LoopBack.elf 
   text	   data	    bss	    dec	    hex	filename
  13716	    120	   1688	  15524	   3ca4	CAN_LoopBack.elf
Finished building: CAN_LoopBack.bin
 
Finished building: default.size.stdout
 
Finished building: CAN_LoopBack.list
 

15:59:07 Build Finished. 0 errors, 0 warnings. (took 1s.72ms)

