00:25:15 **** Incremental Build of configuration Debug for project HSE_Measurement ****
make -j4 all 
arm-none-eabi-gcc "../Src/main.c" -mcpu=cortex-m4 -std=gnu11 -g3 -DSTM32 -DSTM32F4 -DSTM32F407VGTx -DDEBUG -c -I../Inc -O0 -ffunction-sections -fdata-sections -Wall -fstack-usage -MMD -MP -MF"Src/main.d" -MT"Src/main.o" --specs=nano.specs -mfpu=fpv4-sp-d16 -mfloat-abi=hard -mthumb -o "Src/main.o"
../Src/main.c:11:4: warning: #warning "FPU is not initialized, but the project is compiling for an FPU. Please initialize the FPU before use." [-Wcpp]
   #warning "FPU is not initialized, but the project is compiling for an FPU. Please initialize the FPU before use."
    ^~~~~~~
arm-none-eabi-gcc -o "HSE_Measurement.elf" @"objects.list"   -mcpu=cortex-m4 -T"/home/tiago/Documents/MCU_Course/MCU1/HSE_Measurement/STM32F407VGTX_FLASH.ld" --specs=nosys.specs -Wl,-Map="HSE_Measurement.map" -Wl,--gc-sections -static --specs=nano.specs -mfpu=fpv4-sp-d16 -mfloat-abi=hard -mthumb -Wl,--start-group -lc -lm -Wl,--end-group
Finished building target: HSE_Measurement.elf
 
arm-none-eabi-objdump -h -S  HSE_Measurement.elf  > "HSE_Measurement.list"
arm-none-eabi-objcopy  -O binary  HSE_Measurement.elf  "HSE_Measurement.bin"
arm-none-eabi-size   HSE_Measurement.elf 
   text	   data	    bss	    dec	    hex	filename
    840	      8	   1568	   2416	    970	HSE_Measurement.elf
Finished building: HSE_Measurement.bin
Finished building: default.size.stdout
Finished building: HSE_Measurement.list
 
 
 

00:25:16 Build Finished. 0 errors, 1 warnings. (took 845ms)

