10:14:02 **** Incremental Build of configuration Debug for project PLL_SYSCLK ****
make -j4 all 
arm-none-eabi-gcc "../Core/Src/main.c" -mcpu=cortex-m4 -std=gnu11 -g3 -DUSE_HAL_DRIVER -DDEBUG -DSTM32F407xx -c -I../Drivers/CMSIS/Include -I../Drivers/STM32F4xx_HAL_Driver/Inc -I../Core/Inc -I../Drivers/CMSIS/Device/ST/STM32F4xx/Include -I../Drivers/STM32F4xx_HAL_Driver/Inc/Legacy -O0 -ffunction-sections -fdata-sections -Wall -fstack-usage -MMD -MP -MF"Core/Src/main.d" -MT"Core/Src/main.o" --specs=nano.specs -mfpu=fpv4-sp-d16 -mfloat-abi=hard -mthumb -o "Core/Src/main.o"
arm-none-eabi-gcc -o "PLL_SYSCLK.elf" @"objects.list"   -mcpu=cortex-m4 -T"/home/tiago/Documents/MCU_Course/MCU1/PLL_SYSCLK/STM32F407VGTX_FLASH.ld" --specs=nosys.specs -Wl,-Map="PLL_SYSCLK.map" -Wl,--gc-sections -static --specs=nano.specs -mfpu=fpv4-sp-d16 -mfloat-abi=hard -mthumb -Wl,--start-group -lc -lm -Wl,--end-group
Finished building target: PLL_SYSCLK.elf
 
arm-none-eabi-objdump -h -S  PLL_SYSCLK.elf  > "PLL_SYSCLK.list"
arm-none-eabi-objcopy  -O binary  PLL_SYSCLK.elf  "PLL_SYSCLK.bin"
arm-none-eabi-size   PLL_SYSCLK.elf 
   text	   data	    bss	    dec	    hex	filename
  11136	    120	   1648	  12904	   3268	PLL_SYSCLK.elf
Finished building: default.size.stdout
Finished building: PLL_SYSCLK.bin
 
 
Finished building: PLL_SYSCLK.list
 

10:14:04 Build Finished. 0 errors, 0 warnings. (took 1s.143ms)

