22:46:24 **** Incremental Build of configuration Debug for project Timer_OC_1 ****
make -j4 all 
arm-none-eabi-gcc "../Core/Src/main.c" -mcpu=cortex-m4 -std=gnu11 -g3 -DUSE_HAL_DRIVER -DDEBUG -DSTM32F407xx -c -I../Drivers/CMSIS/Include -I../Drivers/STM32F4xx_HAL_Driver/Inc -I../Core/Inc -I../Drivers/CMSIS/Device/ST/STM32F4xx/Include -I../Drivers/STM32F4xx_HAL_Driver/Inc/Legacy -O0 -ffunction-sections -fdata-sections -Wall -fstack-usage -MMD -MP -MF"Core/Src/main.d" -MT"Core/Src/main.o" --specs=nano.specs -mfpu=fpv4-sp-d16 -mfloat-abi=hard -mthumb -o "Core/Src/main.o"
arm-none-eabi-gcc -o "Timer_OC_1.elf" @"objects.list"   -mcpu=cortex-m4 -T"/home/tiago/Documents/MCU_Course/MCU1/Timer_OC_1/STM32F407VGTX_FLASH.ld" --specs=nosys.specs -Wl,-Map="Timer_OC_1.map" -Wl,--gc-sections -static --specs=nano.specs -mfpu=fpv4-sp-d16 -mfloat-abi=hard -mthumb -Wl,--start-group -lc -lm -Wl,--end-group
Finished building target: Timer_OC_1.elf
 
arm-none-eabi-objdump -h -S  Timer_OC_1.elf  > "Timer_OC_1.list"
arm-none-eabi-objcopy  -O binary  Timer_OC_1.elf  "Timer_OC_1.bin"
arm-none-eabi-size   Timer_OC_1.elf 
   text	   data	    bss	    dec	    hex	filename
  11228	     36	   1700	  12964	   32a4	Timer_OC_1.elf
Finished building: Timer_OC_1.bin
Finished building: default.size.stdout
 
 
Finished building: Timer_OC_1.list
 

22:46:26 Build Finished. 0 errors, 0 warnings. (took 1s.342ms)

