17:38:33 **** Incremental Build of configuration Debug for project UART2_Example_IT ****
make -j4 all 
arm-none-eabi-gcc "../Core/Src/it.c" -mcpu=cortex-m4 -std=gnu11 -g3 -DUSE_HAL_DRIVER -DDEBUG -DSTM32F407xx -c -I../Drivers/CMSIS/Include -I../Drivers/STM32F4xx_HAL_Driver/Inc -I../Core/Inc -I../Drivers/CMSIS/Device/ST/STM32F4xx/Include -I../Drivers/STM32F4xx_HAL_Driver/Inc/Legacy -O0 -ffunction-sections -fdata-sections -Wall -fstack-usage -MMD -MP -MF"Core/Src/it.d" -MT"Core/Src/it.o" --specs=nano.specs -mfpu=fpv4-sp-d16 -mfloat-abi=hard -mthumb -o "Core/Src/it.o"
arm-none-eabi-gcc "../Core/Src/main.c" -mcpu=cortex-m4 -std=gnu11 -g3 -DUSE_HAL_DRIVER -DDEBUG -DSTM32F407xx -c -I../Drivers/CMSIS/Include -I../Drivers/STM32F4xx_HAL_Driver/Inc -I../Core/Inc -I../Drivers/CMSIS/Device/ST/STM32F4xx/Include -I../Drivers/STM32F4xx_HAL_Driver/Inc/Legacy -O0 -ffunction-sections -fdata-sections -Wall -fstack-usage -MMD -MP -MF"Core/Src/main.d" -MT"Core/Src/main.o" --specs=nano.specs -mfpu=fpv4-sp-d16 -mfloat-abi=hard -mthumb -o "Core/Src/main.o"
arm-none-eabi-gcc -o "UART2_Example_IT.elf" @"objects.list"   -mcpu=cortex-m4 -T"/home/tiago/Documents/MCU_Course/MCU1/UART2_Example_IT/STM32F407VGTX_FLASH.ld" --specs=nosys.specs -Wl,-Map="UART2_Example_IT.map" -Wl,--gc-sections -static --specs=nano.specs -mfpu=fpv4-sp-d16 -mfloat-abi=hard -mthumb -Wl,--start-group -lc -lm -Wl,--end-group
Finished building target: UART2_Example_IT.elf
 
arm-none-eabi-size   UART2_Example_IT.elf 
arm-none-eabi-objdump -h -S  UART2_Example_IT.elf  > "UART2_Example_IT.list"
arm-none-eabi-objcopy  -O binary  UART2_Example_IT.elf  "UART2_Example_IT.bin"
   text	   data	    bss	    dec	    hex	filename
   7452	     24	   1632	   9108	   2394	UART2_Example_IT.elf
Finished building: default.size.stdout
 
Finished building: UART2_Example_IT.bin
 
Finished building: UART2_Example_IT.list
 

17:38:35 Build Finished. 0 errors, 0 warnings. (took 1s.228ms)

